Aug 31 01:30:17 minifree kernel: [ 2923.992095] perf samples too long (2511 > 2500), lowering kernel.perf_event_max_sample_rate to 50000
Aug 31 22:50:24 minifree kernel: [    0.000000] Initializing cgroup subsys cpuset
Aug 31 22:50:24 minifree kernel: [    0.000000] Initializing cgroup subsys cpu
Aug 31 22:50:24 minifree kernel: [    0.000000] Initializing cgroup subsys cpuacct
Aug 31 22:50:24 minifree kernel: [    0.000000] Linux version 3.13.0-34-generic (root@devel.trisquel.info) (gcc version 4.8.2 (Ubuntu 4.8.2-19ubuntu1) ) #0trisquel2 SMP Wed Aug 27 02:19:14 UTC 2014 (Ubuntu 3.13.0-34.60+7.0trisquel2-generic 3.13.11.4-gnu)
Aug 31 22:50:24 minifree kernel: [    0.000000] Command line: BOOT_IMAGE=/vmlinuz root=/dev/mapper/buzz-distro cryptdevice=/dev/mapper/buzz-distro:root quiet splash drm.debug=0x06 ro
Aug 31 22:50:24 minifree kernel: [    0.000000] KERNEL supported cpus:
Aug 31 22:50:24 minifree kernel: [    0.000000]   Intel GenuineIntel
Aug 31 22:50:24 minifree kernel: [    0.000000]   AMD AuthenticAMD
Aug 31 22:50:24 minifree kernel: [    0.000000]   Centaur CentaurHauls
Aug 31 22:50:24 minifree kernel: [    0.000000] e820: BIOS-provided physical RAM map:
Aug 31 22:50:24 minifree kernel: [    0.000000] BIOS-e820: [mem 0x0000000000000000-0x0000000000000fff] type 16
Aug 31 22:50:24 minifree kernel: [    0.000000] BIOS-e820: [mem 0x0000000000001000-0x000000000009ffff] usable
Aug 31 22:50:24 minifree kernel: [    0.000000] BIOS-e820: [mem 0x00000000000c0000-0x00000000000fffff] reserved
Aug 31 22:50:24 minifree kernel: [    0.000000] BIOS-e820: [mem 0x0000000000100000-0x000000007f6d4fff] usable
Aug 31 22:50:24 minifree kernel: [    0.000000] BIOS-e820: [mem 0x000000007f6d5000-0x000000007f7fffff] type 16
Aug 31 22:50:24 minifree kernel: [    0.000000] BIOS-e820: [mem 0x000000007f800000-0x000000007fffffff] reserved
Aug 31 22:50:24 minifree kernel: [    0.000000] BIOS-e820: [mem 0x00000000f0000000-0x00000000f3ffffff] reserved
Aug 31 22:50:24 minifree kernel: [    0.000000] NX (Execute Disable) protection: active
Aug 31 22:50:24 minifree kernel: [    0.000000] SMBIOS 2.7 present.
Aug 31 22:50:24 minifree kernel: [    0.000000] DMI: LENOVO 1702L8G/1702L8G, BIOS CBET4000 7BETC7WW (2.08 ) 08/30/2014
Aug 31 22:50:24 minifree kernel: [    0.000000] e820: update [mem 0x00000000-0x00000fff] usable ==> reserved
Aug 31 22:50:24 minifree kernel: [    0.000000] e820: remove [mem 0x000a0000-0x000fffff] usable
Aug 31 22:50:24 minifree kernel: [    0.000000] No AGP bridge found
Aug 31 22:50:24 minifree kernel: [    0.000000] e820: last_pfn = 0x7f6d5 max_arch_pfn = 0x400000000
Aug 31 22:50:24 minifree kernel: [    0.000000] MTRR default type: uncachable
Aug 31 22:50:24 minifree kernel: [    0.000000] MTRR fixed ranges enabled:
Aug 31 22:50:24 minifree kernel: [    0.000000]   00000-9FFFF write-back
Aug 31 22:50:24 minifree kernel: [    0.000000]   A0000-BFFFF uncachable
Aug 31 22:50:24 minifree kernel: [    0.000000]   C0000-FFFFF write-back
Aug 31 22:50:24 minifree kernel: [    0.000000] MTRR variable ranges enabled:
Aug 31 22:50:24 minifree kernel: [    0.000000]   0 base 000000000 mask F80000000 write-back
Aug 31 22:50:24 minifree kernel: [    0.000000]   1 base 07F800000 mask FFF800000 uncachable
Aug 31 22:50:24 minifree kernel: [    0.000000]   2 base 0D0000000 mask FF0000000 write-combining
Aug 31 22:50:24 minifree kernel: [    0.000000]   3 disabled
Aug 31 22:50:24 minifree kernel: [    0.000000]   4 disabled
Aug 31 22:50:24 minifree kernel: [    0.000000]   5 disabled
Aug 31 22:50:24 minifree kernel: [    0.000000]   6 disabled
Aug 31 22:50:24 minifree kernel: [    0.000000]   7 disabled
Aug 31 22:50:24 minifree kernel: [    0.000000] x86 PAT enabled: cpu 0, old 0x7040600070406, new 0x7010600070106
Aug 31 22:50:24 minifree kernel: [    0.000000] found SMP MP-table at [mem 0x000f0400-0x000f040f] mapped at [ffff8800000f0400]
Aug 31 22:50:24 minifree kernel: [    0.000000] Scanning 1 areas for low memory corruption
Aug 31 22:50:24 minifree kernel: [    0.000000] Base memory trampoline at [ffff880000099000] 99000 size 24576
Aug 31 22:50:24 minifree kernel: [    0.000000] init_memory_mapping: [mem 0x00000000-0x000fffff]
Aug 31 22:50:24 minifree kernel: [    0.000000]  [mem 0x00000000-0x000fffff] page 4k
Aug 31 22:50:24 minifree kernel: [    0.000000] BRK [0x01fe0000, 0x01fe0fff] PGTABLE
Aug 31 22:50:24 minifree kernel: [    0.000000] BRK [0x01fe1000, 0x01fe1fff] PGTABLE
Aug 31 22:50:24 minifree kernel: [    0.000000] BRK [0x01fe2000, 0x01fe2fff] PGTABLE
Aug 31 22:50:24 minifree kernel: [    0.000000] init_memory_mapping: [mem 0x7f400000-0x7f5fffff]
Aug 31 22:50:24 minifree kernel: [    0.000000]  [mem 0x7f400000-0x7f5fffff] page 2M
Aug 31 22:50:24 minifree kernel: [    0.000000] BRK [0x01fe3000, 0x01fe3fff] PGTABLE
Aug 31 22:50:24 minifree kernel: [    0.000000] init_memory_mapping: [mem 0x7c000000-0x7f3fffff]
Aug 31 22:50:24 minifree kernel: [    0.000000]  [mem 0x7c000000-0x7f3fffff] page 2M
Aug 31 22:50:24 minifree kernel: [    0.000000] init_memory_mapping: [mem 0x00100000-0x7bffffff]
Aug 31 22:50:24 minifree kernel: [    0.000000]  [mem 0x00100000-0x001fffff] page 4k
Aug 31 22:50:24 minifree kernel: [    0.000000]  [mem 0x00200000-0x7bffffff] page 2M
Aug 31 22:50:24 minifree kernel: [    0.000000] init_memory_mapping: [mem 0x7f600000-0x7f6d4fff]
Aug 31 22:50:24 minifree kernel: [    0.000000]  [mem 0x7f600000-0x7f6d4fff] page 4k
Aug 31 22:50:24 minifree kernel: [    0.000000] BRK [0x01fe4000, 0x01fe4fff] PGTABLE
Aug 31 22:50:24 minifree kernel: [    0.000000] RAMDISK: [mem 0x35122000-0x36888fff]
Aug 31 22:50:24 minifree kernel: [    0.000000] ACPI: RSDP 00000000000f0800 000024 (v02 CORE  )
Aug 31 22:50:24 minifree kernel: [    0.000000] ACPI: XSDT 000000007f7de0e0 00004C (v01 CORE   COREBOOT 00000000 CORE 00000000)
Aug 31 22:50:24 minifree kernel: [    0.000000] ACPI: HPET 000000007f7de210 000038 (v01 CORE   COREBOOT 00000000 CORE 00000000)
Aug 31 22:50:24 minifree kernel: [    0.000000] ACPI: APIC 000000007f7de250 000068 (v01 CORE   COREBOOT 00000000 CORE 00000000)
Aug 31 22:50:24 minifree kernel: [    0.000000] ACPI: MCFG 000000007f7de2c0 00003C (v01 CORE   COREBOOT 00000000 CORE 00000000)
Aug 31 22:50:24 minifree kernel: [    0.000000] ACPI: FACP 000000007f7e15c0 0000F4 (v03 CORE   COREBOOT 00000000 CORE 00000000)
Aug 31 22:50:24 minifree kernel: [    0.000000] ACPI: DSDT 000000007f7de340 003171 (v03 COREv4 COREBOOT 20090419 INTL 20140114)
Aug 31 22:50:24 minifree kernel: [    0.000000] ACPI: FACS 000000007f7de300 000040
Aug 31 22:50:24 minifree kernel: [    0.000000] ACPI: SSDT 000000007f7e16c0 000306 (v02 CORE   COREBOOT 0000002A CORE 0000002A)
Aug 31 22:50:24 minifree kernel: [    0.000000] ACPI: Local APIC address 0xfee00000
Aug 31 22:50:24 minifree kernel: [    0.000000] No NUMA configuration found
Aug 31 22:50:24 minifree kernel: [    0.000000] Faking a node at [mem 0x0000000000000000-0x000000007f6d4fff]
Aug 31 22:50:24 minifree kernel: [    0.000000] Initmem setup node 0 [mem 0x00000000-0x7f6d4fff]
Aug 31 22:50:24 minifree kernel: [    0.000000]   NODE_DATA [mem 0x7f6d0000-0x7f6d4fff]
Aug 31 22:50:24 minifree kernel: [    0.000000]  [ffffea0000000000-ffffea0001ffffff] PMD -> [ffff88007ce00000-ffff88007edfffff] on node 0
Aug 31 22:50:24 minifree kernel: [    0.000000] Zone ranges:
Aug 31 22:50:24 minifree kernel: [    0.000000]   DMA      [mem 0x00001000-0x00ffffff]
Aug 31 22:50:24 minifree kernel: [    0.000000]   DMA32    [mem 0x01000000-0xffffffff]
Aug 31 22:50:24 minifree kernel: [    0.000000]   Normal   empty
Aug 31 22:50:24 minifree kernel: [    0.000000] Movable zone start for each node
Aug 31 22:50:24 minifree kernel: [    0.000000] Early memory node ranges
Aug 31 22:50:24 minifree kernel: [    0.000000]   node   0: [mem 0x00001000-0x0009ffff]
Aug 31 22:50:24 minifree kernel: [    0.000000]   node   0: [mem 0x00100000-0x7f6d4fff]
Aug 31 22:50:24 minifree kernel: [    0.000000] On node 0 totalpages: 521844
Aug 31 22:50:24 minifree kernel: [    0.000000]   DMA zone: 64 pages used for memmap
Aug 31 22:50:24 minifree kernel: [    0.000000]   DMA zone: 22 pages reserved
Aug 31 22:50:24 minifree kernel: [    0.000000]   DMA zone: 3999 pages, LIFO batch:0
Aug 31 22:50:24 minifree kernel: [    0.000000]   DMA32 zone: 8092 pages used for memmap
Aug 31 22:50:24 minifree kernel: [    0.000000]   DMA32 zone: 517845 pages, LIFO batch:31
Aug 31 22:50:24 minifree kernel: [    0.000000] ACPI: PM-Timer IO Port: 0x508
Aug 31 22:50:24 minifree kernel: [    0.000000] ACPI: Local APIC address 0xfee00000
Aug 31 22:50:24 minifree kernel: [    0.000000] ACPI: LAPIC (acpi_id[0x00] lapic_id[0x00] enabled)
Aug 31 22:50:24 minifree kernel: [    0.000000] ACPI: LAPIC (acpi_id[0x01] lapic_id[0x01] enabled)
Aug 31 22:50:24 minifree kernel: [    0.000000] ACPI: LAPIC_NMI (acpi_id[0x00] high edge lint[0x1])
Aug 31 22:50:24 minifree kernel: [    0.000000] ACPI: LAPIC_NMI (acpi_id[0x01] high edge lint[0x1])
Aug 31 22:50:24 minifree kernel: [    0.000000] ACPI: IOAPIC (id[0x02] address[0xfec00000] gsi_base[0])
Aug 31 22:50:24 minifree kernel: [    0.000000] IOAPIC[0]: apic_id 2, version 32, address 0xfec00000, GSI 0-23
Aug 31 22:50:24 minifree kernel: [    0.000000] ACPI: INT_SRC_OVR (bus 0 bus_irq 0 global_irq 2 high edge)
Aug 31 22:50:24 minifree kernel: [    0.000000] ACPI: INT_SRC_OVR (bus 0 bus_irq 9 global_irq 9 high level)
Aug 31 22:50:24 minifree kernel: [    0.000000] ACPI: IRQ0 used by override.
Aug 31 22:50:24 minifree kernel: [    0.000000] ACPI: IRQ2 used by override.
Aug 31 22:50:24 minifree kernel: [    0.000000] ACPI: IRQ9 used by override.
Aug 31 22:50:24 minifree kernel: [    0.000000] Using ACPI (MADT) for SMP configuration information
Aug 31 22:50:24 minifree kernel: [    0.000000] ACPI: HPET id: 0x8086a201 base: 0xfed00000
Aug 31 22:50:24 minifree kernel: [    0.000000] smpboot: Allowing 2 CPUs, 0 hotplug CPUs
Aug 31 22:50:24 minifree kernel: [    0.000000] nr_irqs_gsi: 40
Aug 31 22:50:24 minifree kernel: [    0.000000] PM: Registered nosave memory: [mem 0x000a0000-0x000bffff]
Aug 31 22:50:24 minifree kernel: [    0.000000] PM: Registered nosave memory: [mem 0x000c0000-0x000fffff]
Aug 31 22:50:24 minifree kernel: [    0.000000] e820: [mem 0x80000000-0xefffffff] available for PCI devices
Aug 31 22:50:24 minifree kernel: [    0.000000] Booting paravirtualized kernel on bare hardware
Aug 31 22:50:24 minifree kernel: [    0.000000] setup_percpu: NR_CPUS:256 nr_cpumask_bits:256 nr_cpu_ids:2 nr_node_ids:1
Aug 31 22:50:24 minifree kernel: [    0.000000] PERCPU: Embedded 29 pages/cpu @ffff88007f400000 s86336 r8192 d24256 u1048576
Aug 31 22:50:24 minifree kernel: [    0.000000] pcpu-alloc: s86336 r8192 d24256 u1048576 alloc=1*2097152
Aug 31 22:50:24 minifree kernel: [    0.000000] pcpu-alloc: [0] 0 1 
Aug 31 22:50:24 minifree kernel: [    0.000000] Built 1 zonelists in Node order, mobility grouping on.  Total pages: 513666
Aug 31 22:50:24 minifree kernel: [    0.000000] Policy zone: DMA32
Aug 31 22:50:24 minifree kernel: [    0.000000] Kernel command line: BOOT_IMAGE=/vmlinuz root=/dev/mapper/buzz-distro cryptdevice=/dev/mapper/buzz-distro:root quiet splash drm.debug=0x06 ro
Aug 31 22:50:24 minifree kernel: [    0.000000] PID hash table entries: 4096 (order: 3, 32768 bytes)
Aug 31 22:50:24 minifree kernel: [    0.000000] Checking aperture...
Aug 31 22:50:24 minifree kernel: [    0.000000] No AGP bridge found
Aug 31 22:50:24 minifree kernel: [    0.000000] Calgary: detecting Calgary via BIOS EBDA area
Aug 31 22:50:24 minifree kernel: [    0.000000] Calgary: Unable to locate Rio Grande table in EBDA - bailing!
Aug 31 22:50:24 minifree kernel: [    0.000000] Memory: 2013772K/2087376K available (7391K kernel code, 1145K rwdata, 3416K rodata, 1336K init, 1440K bss, 73604K reserved)
Aug 31 22:50:24 minifree kernel: [    0.000000] SLUB: HWalign=64, Order=0-3, MinObjects=0, CPUs=2, Nodes=1
Aug 31 22:50:24 minifree kernel: [    0.000000] Hierarchical RCU implementation.
Aug 31 22:50:24 minifree kernel: [    0.000000] 	RCU dyntick-idle grace-period acceleration is enabled.
Aug 31 22:50:24 minifree kernel: [    0.000000] 	RCU restricting CPUs from NR_CPUS=256 to nr_cpu_ids=2.
Aug 31 22:50:24 minifree kernel: [    0.000000] 	Offload RCU callbacks from all CPUs
Aug 31 22:50:24 minifree kernel: [    0.000000] 	Offload RCU callbacks from CPUs: 0-1.
Aug 31 22:50:24 minifree kernel: [    0.000000] NR_IRQS:16640 nr_irqs:512 16
Aug 31 22:50:24 minifree kernel: [    0.000000] Console: colour VGA+ 80x25
Aug 31 22:50:24 minifree kernel: [    0.000000] console [tty0] enabled
Aug 31 22:50:24 minifree kernel: [    0.000000] allocated 8388608 bytes of page_cgroup
Aug 31 22:50:24 minifree kernel: [    0.000000] please try 'cgroup_disable=memory' option if you don't want memory cgroups
Aug 31 22:50:24 minifree kernel: [    0.000000] hpet clockevent registered
Aug 31 22:50:24 minifree kernel: [    0.000000] tsc: Fast TSC calibration using PIT
Aug 31 22:50:24 minifree kernel: [    0.000000] tsc: Detected 1496.227 MHz processor
Aug 31 22:50:24 minifree kernel: [    0.004006] Calibrating delay loop (skipped), value calculated using timer frequency.. 2992.45 BogoMIPS (lpj=5984908)
Aug 31 22:50:24 minifree kernel: [    0.004013] pid_max: default: 32768 minimum: 301
Aug 31 22:50:24 minifree kernel: [    0.004059] Security Framework initialized
Aug 31 22:50:24 minifree kernel: [    0.004095] AppArmor: AppArmor initialized
Aug 31 22:50:24 minifree kernel: [    0.004097] Yama: becoming mindful.
Aug 31 22:50:24 minifree kernel: [    0.004475] Dentry cache hash table entries: 262144 (order: 9, 2097152 bytes)
Aug 31 22:50:24 minifree kernel: [    0.008553] Inode-cache hash table entries: 131072 (order: 8, 1048576 bytes)
Aug 31 22:50:24 minifree kernel: [    0.009333] Mount-cache hash table entries: 4096 (order: 3, 32768 bytes)
Aug 31 22:50:24 minifree kernel: [    0.009340] Mountpoint-cache hash table entries: 4096 (order: 3, 32768 bytes)
Aug 31 22:50:24 minifree kernel: [    0.009749] Initializing cgroup subsys memory
Aug 31 22:50:24 minifree kernel: [    0.009764] Initializing cgroup subsys devices
Aug 31 22:50:24 minifree kernel: [    0.009767] Initializing cgroup subsys freezer
Aug 31 22:50:24 minifree kernel: [    0.009771] Initializing cgroup subsys blkio
Aug 31 22:50:24 minifree kernel: [    0.009775] Initializing cgroup subsys bfqio
Aug 31 22:50:24 minifree kernel: [    0.009778] Initializing cgroup subsys perf_event
Aug 31 22:50:24 minifree kernel: [    0.009783] Initializing cgroup subsys hugetlb
Aug 31 22:50:24 minifree kernel: [    0.009821] CPU: Physical Processor ID: 0
Aug 31 22:50:24 minifree kernel: [    0.009823] CPU: Processor Core ID: 0
Aug 31 22:50:24 minifree kernel: [    0.009827] mce: CPU supports 6 MCE banks
Aug 31 22:50:24 minifree kernel: [    0.009839] CPU0: Thermal monitoring enabled (TM2)
Aug 31 22:50:24 minifree kernel: [    0.009850] Last level iTLB entries: 4KB 128, 2MB 4, 4MB 4
Aug 31 22:50:24 minifree kernel: [    0.009850] Last level dTLB entries: 4KB 256, 2MB 0, 4MB 32
Aug 31 22:50:24 minifree kernel: [    0.009850] tlb_flushall_shift: -1
Aug 31 22:50:24 minifree kernel: [    0.010001] Freeing SMP alternatives memory: 32K (ffffffff81e6e000 - ffffffff81e76000)
Aug 31 22:50:24 minifree kernel: [    0.012383] ACPI: Core revision 20131115
Aug 31 22:50:24 minifree kernel: [    0.015473] ACPI: All ACPI Tables successfully acquired
Aug 31 22:50:24 minifree kernel: [    0.016025] ftrace: allocating 28599 entries in 112 pages
Aug 31 22:50:24 minifree kernel: [    0.028599] ..TIMER: vector=0x30 apic1=0 pin1=2 apic2=-1 pin2=-1
Aug 31 22:50:24 minifree kernel: [    0.070880] smpboot: CPU0: Intel(R) Core(TM)2 CPU         L7400  @ 1.50GHz (fam: 06, model: 0f, stepping: 06)
Aug 31 22:50:24 minifree kernel: [    0.072000] Performance Events: PEBS fmt0-, 4-deep LBR, Core2 events, Intel PMU driver.
Aug 31 22:50:24 minifree kernel: [    0.072000] perf_event_intel: PEBS disabled due to CPU errata
Aug 31 22:50:24 minifree kernel: [    0.072000] ... version:                2
Aug 31 22:50:24 minifree kernel: [    0.072000] ... bit width:              40
Aug 31 22:50:24 minifree kernel: [    0.072000] ... generic registers:      2
Aug 31 22:50:24 minifree kernel: [    0.072000] ... value mask:             000000ffffffffff
Aug 31 22:50:24 minifree kernel: [    0.072000] ... max period:             000000007fffffff
Aug 31 22:50:24 minifree kernel: [    0.072000] ... fixed-purpose events:   3
Aug 31 22:50:24 minifree kernel: [    0.072000] ... event mask:             0000000700000003
Aug 31 22:50:24 minifree kernel: [    0.072000] x86: Booting SMP configuration:
Aug 31 22:50:24 minifree kernel: [    0.072000] .... node  #0, CPUs:      #1
Aug 31 22:50:24 minifree kernel: [    0.084066] x86: Booted up 1 node, 2 CPUs
Aug 31 22:50:24 minifree kernel: [    0.084074] smpboot: Total of 2 processors activated (5984.90 BogoMIPS)
Aug 31 22:50:24 minifree kernel: [    0.084177] NMI watchdog: enabled on all CPUs, permanently consumes one hw-PMU counter.
Aug 31 22:50:24 minifree kernel: [    0.088071] devtmpfs: initialized
Aug 31 22:50:24 minifree kernel: [    0.098352] EVM: security.selinux
Aug 31 22:50:24 minifree kernel: [    0.098355] EVM: security.SMACK64
Aug 31 22:50:24 minifree kernel: [    0.098357] EVM: security.ima
Aug 31 22:50:24 minifree kernel: [    0.098359] EVM: security.capability
Aug 31 22:50:24 minifree kernel: [    0.100096] pinctrl core: initialized pinctrl subsystem
Aug 31 22:50:24 minifree kernel: [    0.100211] regulator-dummy: no parameters
Aug 31 22:50:24 minifree kernel: [    0.100257] RTC time: 21:49:54, date: 08/31/14
Aug 31 22:50:24 minifree kernel: [    0.100319] NET: Registered protocol family 16
Aug 31 22:50:24 minifree kernel: [    0.100522] cpuidle: using governor ladder
Aug 31 22:50:24 minifree kernel: [    0.100525] cpuidle: using governor menu
Aug 31 22:50:24 minifree kernel: [    0.100592] ACPI: bus type PCI registered
Aug 31 22:50:24 minifree kernel: [    0.100595] acpiphp: ACPI Hot Plug PCI Controller Driver version: 0.5
Aug 31 22:50:24 minifree kernel: [    0.100691] PCI: MMCONFIG for domain 0000 [bus 00-3f] at [mem 0xf0000000-0xf3ffffff] (base 0xf0000000)
Aug 31 22:50:24 minifree kernel: [    0.100695] PCI: MMCONFIG at [mem 0xf0000000-0xf3ffffff] reserved in E820
Aug 31 22:50:24 minifree kernel: [    0.105678] PCI: Using configuration type 1 for base access
Aug 31 22:50:24 minifree kernel: [    0.108094] bio: create slab <bio-0> at 0
Aug 31 22:50:24 minifree kernel: [    0.108141] ACPI: Added _OSI(Module Device)
Aug 31 22:50:24 minifree kernel: [    0.108144] ACPI: Added _OSI(Processor Device)
Aug 31 22:50:24 minifree kernel: [    0.108147] ACPI: Added _OSI(3.0 _SCP Extensions)
Aug 31 22:50:24 minifree kernel: [    0.108149] ACPI: Added _OSI(Processor Aggregator Device)
Aug 31 22:50:24 minifree kernel: [    0.111400] [Firmware Bug]: ACPI: BIOS _OSI(Linux) query ignored
Aug 31 22:50:24 minifree kernel: [    0.111850] ACPI: Interpreter enabled
Aug 31 22:50:24 minifree kernel: [    0.111859] ACPI Exception: AE_NOT_FOUND, While evaluating Sleep State [\_S1_] (20131115/hwxface-580)
Aug 31 22:50:24 minifree kernel: [    0.111867] ACPI Exception: AE_NOT_FOUND, While evaluating Sleep State [\_S2_] (20131115/hwxface-580)
Aug 31 22:50:24 minifree kernel: [    0.111889] ACPI: (supports S0 S3 S4 S5)
Aug 31 22:50:24 minifree kernel: [    0.111892] ACPI: Using IOAPIC for interrupt routing
Aug 31 22:50:24 minifree kernel: [    0.111927] PCI: Using host bridge windows from ACPI; if necessary, use "pci=nocrs" and report a bug
Aug 31 22:50:24 minifree kernel: [    0.112256] ACPI: ACPI Dock Station Driver: 1 docks/bays found
Aug 31 22:50:24 minifree kernel: [    0.121379] ACPI: PCI Root Bridge [PCI0] (domain 0000 [bus 00-ff])
Aug 31 22:50:24 minifree kernel: [    0.121389] acpi PNP0A08:00: _OSC: OS supports [ExtendedConfig ASPM ClockPM Segments MSI]
Aug 31 22:50:24 minifree kernel: [    0.121498] acpi PNP0A08:00: _OSC: OS now controls [PCIeHotplug PME AER PCIeCapability]
Aug 31 22:50:24 minifree kernel: [    0.121642] acpi PNP0A08:00: [Firmware Info]: MMCONFIG for domain 0000 [bus 00-3f] only partially covers this bridge
Aug 31 22:50:24 minifree kernel: [    0.121922] PCI host bridge to bus 0000:00
Aug 31 22:50:24 minifree kernel: [    0.121927] pci_bus 0000:00: root bus resource [bus 00-ff]
Aug 31 22:50:24 minifree kernel: [    0.121931] pci_bus 0000:00: root bus resource [io  0x0000-0x0cf7]
Aug 31 22:50:24 minifree kernel: [    0.121935] pci_bus 0000:00: root bus resource [io  0x0d00-0xffff]
Aug 31 22:50:24 minifree kernel: [    0.121938] pci_bus 0000:00: root bus resource [mem 0x000a0000-0x000bffff]
Aug 31 22:50:24 minifree kernel: [    0.121942] pci_bus 0000:00: root bus resource [mem 0x000c0000-0x000c3fff]
Aug 31 22:50:24 minifree kernel: [    0.121945] pci_bus 0000:00: root bus resource [mem 0x000c4000-0x000c7fff]
Aug 31 22:50:24 minifree kernel: [    0.121948] pci_bus 0000:00: root bus resource [mem 0x000c8000-0x000cbfff]
Aug 31 22:50:24 minifree kernel: [    0.121951] pci_bus 0000:00: root bus resource [mem 0x000cc000-0x000cffff]
Aug 31 22:50:24 minifree kernel: [    0.121955] pci_bus 0000:00: root bus resource [mem 0x000d0000-0x000d3fff]
Aug 31 22:50:24 minifree kernel: [    0.121958] pci_bus 0000:00: root bus resource [mem 0x000d4000-0x000d7fff]
Aug 31 22:50:24 minifree kernel: [    0.121961] pci_bus 0000:00: root bus resource [mem 0x000d8000-0x000dbfff]
Aug 31 22:50:24 minifree kernel: [    0.121965] pci_bus 0000:00: root bus resource [mem 0x000dc000-0x000dffff]
Aug 31 22:50:24 minifree kernel: [    0.121968] pci_bus 0000:00: root bus resource [mem 0x000e0000-0x000e3fff]
Aug 31 22:50:24 minifree kernel: [    0.121971] pci_bus 0000:00: root bus resource [mem 0x000e4000-0x000e7fff]
Aug 31 22:50:24 minifree kernel: [    0.121975] pci_bus 0000:00: root bus resource [mem 0x000e8000-0x000ebfff]
Aug 31 22:50:24 minifree kernel: [    0.121978] pci_bus 0000:00: root bus resource [mem 0x000ec000-0x000effff]
Aug 31 22:50:24 minifree kernel: [    0.121981] pci_bus 0000:00: root bus resource [mem 0x000f0000-0x000fffff]
Aug 31 22:50:24 minifree kernel: [    0.121985] pci_bus 0000:00: root bus resource [mem 0x80000000-0xfebfffff]
Aug 31 22:50:24 minifree kernel: [    0.121988] pci_bus 0000:00: root bus resource [mem 0xfed40000-0xfed44fff]
Aug 31 22:50:24 minifree kernel: [    0.122002] pci 0000:00:00.0: [8086:27a0] type 00 class 0x060000
Aug 31 22:50:24 minifree kernel: [    0.122153] pci 0000:00:02.0: [8086:27a2] type 00 class 0x030000
Aug 31 22:50:24 minifree kernel: [    0.122170] pci 0000:00:02.0: reg 0x10: [mem 0xe4200000-0xe427ffff]
Aug 31 22:50:24 minifree kernel: [    0.122179] pci 0000:00:02.0: reg 0x14: [io  0x50a0-0x50a7]
Aug 31 22:50:24 minifree kernel: [    0.122188] pci 0000:00:02.0: reg 0x18: [mem 0xd0000000-0xdfffffff pref]
Aug 31 22:50:24 minifree kernel: [    0.122198] pci 0000:00:02.0: reg 0x1c: [mem 0xe4300000-0xe433ffff]
Aug 31 22:50:24 minifree kernel: [    0.122338] pci 0000:00:02.1: [8086:27a6] type 00 class 0x038000
Aug 31 22:50:24 minifree kernel: [    0.122352] pci 0000:00:02.1: reg 0x10: [mem 0xe4280000-0xe42fffff]
Aug 31 22:50:24 minifree kernel: [    0.122564] pci 0000:00:1b.0: [8086:27d8] type 00 class 0x040300
Aug 31 22:50:24 minifree kernel: [    0.122591] pci 0000:00:1b.0: reg 0x10: [mem 0xe4340000-0xe4343fff 64bit]
Aug 31 22:50:24 minifree kernel: [    0.122706] pci 0000:00:1b.0: PME# supported from D0 D3hot D3cold
Aug 31 22:50:24 minifree kernel: [    0.122785] pci 0000:00:1b.0: System wakeup disabled by ACPI
Aug 31 22:50:24 minifree kernel: [    0.122842] pci 0000:00:1c.0: [8086:27d0] type 01 class 0x060400
Aug 31 22:50:24 minifree kernel: [    0.122964] pci 0000:00:1c.0: PME# supported from D0 D3hot D3cold
Aug 31 22:50:24 minifree kernel: [    0.123100] pci 0000:00:1c.1: [8086:27d2] type 01 class 0x060400
Aug 31 22:50:24 minifree kernel: [    0.123210] pci 0000:00:1c.1: PME# supported from D0 D3hot D3cold
Aug 31 22:50:24 minifree kernel: [    0.123337] pci 0000:00:1c.2: [8086:27d4] type 01 class 0x060400
Aug 31 22:50:24 minifree kernel: [    0.123447] pci 0000:00:1c.2: PME# supported from D0 D3hot D3cold
Aug 31 22:50:24 minifree kernel: [    0.123579] pci 0000:00:1c.3: [8086:27d6] type 01 class 0x060400
Aug 31 22:50:24 minifree kernel: [    0.123689] pci 0000:00:1c.3: PME# supported from D0 D3hot D3cold
Aug 31 22:50:24 minifree kernel: [    0.123817] pci 0000:00:1d.0: [8086:27c8] type 00 class 0x0c0300
Aug 31 22:50:24 minifree kernel: [    0.123881] pci 0000:00:1d.0: reg 0x20: [io  0x5000-0x501f]
Aug 31 22:50:24 minifree kernel: [    0.124006] pci 0000:00:1d.0: System wakeup disabled by ACPI
Aug 31 22:50:24 minifree kernel: [    0.124057] pci 0000:00:1d.1: [8086:27c9] type 00 class 0x0c0300
Aug 31 22:50:24 minifree kernel: [    0.124120] pci 0000:00:1d.1: reg 0x20: [io  0x5020-0x503f]
Aug 31 22:50:24 minifree kernel: [    0.124236] pci 0000:00:1d.1: System wakeup disabled by ACPI
Aug 31 22:50:24 minifree kernel: [    0.124286] pci 0000:00:1d.2: [8086:27ca] type 00 class 0x0c0300
Aug 31 22:50:24 minifree kernel: [    0.124349] pci 0000:00:1d.2: reg 0x20: [io  0x5040-0x505f]
Aug 31 22:50:24 minifree kernel: [    0.124464] pci 0000:00:1d.2: System wakeup disabled by ACPI
Aug 31 22:50:24 minifree kernel: [    0.124515] pci 0000:00:1d.3: [8086:27cb] type 00 class 0x0c0300
Aug 31 22:50:24 minifree kernel: [    0.124578] pci 0000:00:1d.3: reg 0x20: [io  0x5060-0x507f]
Aug 31 22:50:24 minifree kernel: [    0.124695] pci 0000:00:1d.3: System wakeup disabled by ACPI
Aug 31 22:50:24 minifree kernel: [    0.124759] pci 0000:00:1d.7: [8086:27cc] type 00 class 0x0c0320
Aug 31 22:50:24 minifree kernel: [    0.124787] pci 0000:00:1d.7: reg 0x10: [mem 0xe4344000-0xe43443ff]
Aug 31 22:50:24 minifree kernel: [    0.124905] pci 0000:00:1d.7: PME# supported from D0 D3hot D3cold
Aug 31 22:50:24 minifree kernel: [    0.124978] pci 0000:00:1d.7: System wakeup disabled by ACPI
Aug 31 22:50:24 minifree kernel: [    0.125032] pci 0000:00:1e.0: [8086:2448] type 01 class 0x060401
Aug 31 22:50:24 minifree kernel: [    0.125214] pci 0000:00:1f.0: [8086:27b9] type 00 class 0x060100
Aug 31 22:50:24 minifree kernel: [    0.125339] pci 0000:00:1f.0: address space collision: [io  0x0500-0x057f] conflicts with ACPI CPU throttle [??? 0x00000510-0x00000515 flags 0x80000000]
Aug 31 22:50:24 minifree kernel: [    0.125347] pci 0000:00:1f.0: quirk: [io  0x0480-0x04bf] claimed by ICH6 GPIO
Aug 31 22:50:24 minifree kernel: [    0.125353] pci 0000:00:1f.0: ICH7 LPC Generic IO decode 1 PIO at 1600 (mask 007f)
Aug 31 22:50:24 minifree kernel: [    0.125359] pci 0000:00:1f.0: ICH7 LPC Generic IO decode 2 PIO at 15e0 (mask 000f)
Aug 31 22:50:24 minifree kernel: [    0.125364] pci 0000:00:1f.0: ICH7 LPC Generic IO decode 3 PIO at 1680 (mask 001f)
Aug 31 22:50:24 minifree kernel: [    0.125515] pci 0000:00:1f.1: [8086:27df] type 00 class 0x01018a
Aug 31 22:50:24 minifree kernel: [    0.125535] pci 0000:00:1f.1: reg 0x10: [io  0x50a8-0x50af]
Aug 31 22:50:24 minifree kernel: [    0.125550] pci 0000:00:1f.1: reg 0x14: [io  0x50c8-0x50cb]
Aug 31 22:50:24 minifree kernel: [    0.125564] pci 0000:00:1f.1: reg 0x18: [io  0x50b0-0x50b7]
Aug 31 22:50:24 minifree kernel: [    0.125578] pci 0000:00:1f.1: reg 0x1c: [io  0x50cc-0x50cf]
Aug 31 22:50:24 minifree kernel: [    0.125592] pci 0000:00:1f.1: reg 0x20: [io  0x5080-0x508f]
Aug 31 22:50:24 minifree kernel: [    0.125736] pci 0000:00:1f.2: [8086:27c5] type 00 class 0x010601
Aug 31 22:50:24 minifree kernel: [    0.125764] pci 0000:00:1f.2: reg 0x10: [io  0x50b8-0x50bf]
Aug 31 22:50:24 minifree kernel: [    0.125777] pci 0000:00:1f.2: reg 0x14: [io  0x50d0-0x50d3]
Aug 31 22:50:24 minifree kernel: [    0.125792] pci 0000:00:1f.2: reg 0x18: [io  0x50c0-0x50c7]
Aug 31 22:50:24 minifree kernel: [    0.125806] pci 0000:00:1f.2: reg 0x1c: [io  0x50d4-0x50d7]
Aug 31 22:50:24 minifree kernel: [    0.125820] pci 0000:00:1f.2: reg 0x20: [io  0x5090-0x509f]
Aug 31 22:50:24 minifree kernel: [    0.125835] pci 0000:00:1f.2: reg 0x24: [mem 0xe4344400-0xe43447ff]
Aug 31 22:50:24 minifree kernel: [    0.125899] pci 0000:00:1f.2: PME# supported from D3hot
Aug 31 22:50:24 minifree kernel: [    0.126016] pci 0000:00:1f.3: [8086:27da] type 00 class 0x0c0500
Aug 31 22:50:24 minifree kernel: [    0.126096] pci 0000:00:1f.3: reg 0x20: [io  0x0400-0x041f]
Aug 31 22:50:24 minifree kernel: [    0.126355] pci 0000:01:00.0: [8086:109a] type 00 class 0x020000
Aug 31 22:50:24 minifree kernel: [    0.126389] pci 0000:01:00.0: reg 0x10: [mem 0xe4100000-0xe411ffff]
Aug 31 22:50:24 minifree kernel: [    0.126434] pci 0000:01:00.0: reg 0x18: [io  0x4000-0x401f]
Aug 31 22:50:24 minifree kernel: [    0.126628] pci 0000:01:00.0: PME# supported from D0 D3hot D3cold
Aug 31 22:50:24 minifree kernel: [    0.126710] pci 0000:01:00.0: disabling ASPM on pre-1.1 PCIe device.  You can enable it with 'pcie_aspm=force'
Aug 31 22:50:24 minifree kernel: [    0.126731] pci 0000:00:1c.0: PCI bridge to [bus 01]
Aug 31 22:50:24 minifree kernel: [    0.126737] pci 0000:00:1c.0:   bridge window [io  0x4000-0x4fff]
Aug 31 22:50:24 minifree kernel: [    0.126744] pci 0000:00:1c.0:   bridge window [mem 0xe4100000-0xe41fffff]
Aug 31 22:50:24 minifree kernel: [    0.126838] pci 0000:00:1c.1: PCI bridge to [bus 02]
Aug 31 22:50:24 minifree kernel: [    0.126938] pci 0000:00:1c.2: PCI bridge to [bus 03]
Aug 31 22:50:24 minifree kernel: [    0.127032] pci 0000:00:1c.3: PCI bridge to [bus 04]
Aug 31 22:50:24 minifree kernel: [    0.127187] pci 0000:05:00.0: [1180:0476] type 02 class 0x060700
Aug 31 22:50:24 minifree kernel: [    0.127210] pci 0000:05:00.0: proprietary Ricoh MMC controller disabled (via cardbus function)
Aug 31 22:50:24 minifree kernel: [    0.127213] pci 0000:05:00.0: MMC cards are now supported by standard SDHCI controller
Aug 31 22:50:24 minifree kernel: [    0.127233] pci 0000:05:00.0: reg 0x10: [mem 0xe2000000-0xe2000fff]
Aug 31 22:50:24 minifree kernel: [    0.127274] pci 0000:05:00.0: supports D1 D2
Aug 31 22:50:24 minifree kernel: [    0.127278] pci 0000:05:00.0: PME# supported from D0 D1 D2 D3hot D3cold
Aug 31 22:50:24 minifree kernel: [    0.127318] pci 0000:05:00.0: System wakeup disabled by ACPI
Aug 31 22:50:24 minifree kernel: [    0.127377] pci 0000:05:00.1: [1180:0552] type 00 class 0x0c0010
Aug 31 22:50:24 minifree kernel: [    0.127403] pci 0000:05:00.1: reg 0x10: [mem 0xe2001000-0xe20017ff]
Aug 31 22:50:24 minifree kernel: [    0.127512] pci 0000:05:00.1: supports D1 D2
Aug 31 22:50:24 minifree kernel: [    0.127516] pci 0000:05:00.1: PME# supported from D0 D1 D2 D3hot D3cold
Aug 31 22:50:24 minifree kernel: [    0.127599] pci 0000:05:00.2: [1180:0822] type 00 class 0x080500
Aug 31 22:50:24 minifree kernel: [    0.127626] pci 0000:05:00.2: reg 0x10: [mem 0xe2001800-0xe20018ff]
Aug 31 22:50:24 minifree kernel: [    0.127736] pci 0000:05:00.2: supports D1 D2
Aug 31 22:50:24 minifree kernel: [    0.127740] pci 0000:05:00.2: PME# supported from D0 D1 D2 D3hot D3cold
Aug 31 22:50:24 minifree kernel: [    0.127880] pci 0000:00:1e.0: PCI bridge to [bus 05-06] (subtractive decode)
Aug 31 22:50:24 minifree kernel: [    0.127887] pci 0000:00:1e.0:   bridge window [io  0x2000-0x3fff]
Aug 31 22:50:24 minifree kernel: [    0.127894] pci 0000:00:1e.0:   bridge window [mem 0xe0000000-0xe20fffff]
Aug 31 22:50:24 minifree kernel: [    0.127904] pci 0000:00:1e.0:   bridge window [mem 0xe2100000-0xe40fffff 64bit pref]
Aug 31 22:50:24 minifree kernel: [    0.127908] pci 0000:00:1e.0:   bridge window [io  0x0000-0x0cf7] (subtractive decode)
Aug 31 22:50:24 minifree kernel: [    0.127911] pci 0000:00:1e.0:   bridge window [io  0x0d00-0xffff] (subtractive decode)
Aug 31 22:50:24 minifree kernel: [    0.127915] pci 0000:00:1e.0:   bridge window [mem 0x000a0000-0x000bffff] (subtractive decode)
Aug 31 22:50:24 minifree kernel: [    0.127918] pci 0000:00:1e.0:   bridge window [mem 0x000c0000-0x000c3fff] (subtractive decode)
Aug 31 22:50:24 minifree kernel: [    0.127922] pci 0000:00:1e.0:   bridge window [mem 0x000c4000-0x000c7fff] (subtractive decode)
Aug 31 22:50:24 minifree kernel: [    0.127925] pci 0000:00:1e.0:   bridge window [mem 0x000c8000-0x000cbfff] (subtractive decode)
Aug 31 22:50:24 minifree kernel: [    0.127928] pci 0000:00:1e.0:   bridge window [mem 0x000cc000-0x000cffff] (subtractive decode)
Aug 31 22:50:24 minifree kernel: [    0.127932] pci 0000:00:1e.0:   bridge window [mem 0x000d0000-0x000d3fff] (subtractive decode)
Aug 31 22:50:24 minifree kernel: [    0.127935] pci 0000:00:1e.0:   bridge window [mem 0x000d4000-0x000d7fff] (subtractive decode)
Aug 31 22:50:24 minifree kernel: [    0.127938] pci 0000:00:1e.0:   bridge window [mem 0x000d8000-0x000dbfff] (subtractive decode)
Aug 31 22:50:24 minifree kernel: [    0.127942] pci 0000:00:1e.0:   bridge window [mem 0x000dc000-0x000dffff] (subtractive decode)
Aug 31 22:50:24 minifree kernel: [    0.127945] pci 0000:00:1e.0:   bridge window [mem 0x000e0000-0x000e3fff] (subtractive decode)
Aug 31 22:50:24 minifree kernel: [    0.127949] pci 0000:00:1e.0:   bridge window [mem 0x000e4000-0x000e7fff] (subtractive decode)
Aug 31 22:50:24 minifree kernel: [    0.127952] pci 0000:00:1e.0:   bridge window [mem 0x000e8000-0x000ebfff] (subtractive decode)
Aug 31 22:50:24 minifree kernel: [    0.127955] pci 0000:00:1e.0:   bridge window [mem 0x000ec000-0x000effff] (subtractive decode)
Aug 31 22:50:24 minifree kernel: [    0.127959] pci 0000:00:1e.0:   bridge window [mem 0x000f0000-0x000fffff] (subtractive decode)
Aug 31 22:50:24 minifree kernel: [    0.127962] pci 0000:00:1e.0:   bridge window [mem 0x80000000-0xfebfffff] (subtractive decode)
Aug 31 22:50:24 minifree kernel: [    0.127966] pci 0000:00:1e.0:   bridge window [mem 0xfed40000-0xfed44fff] (subtractive decode)
Aug 31 22:50:24 minifree kernel: [    0.128041] pci_bus 0000:06: busn_res: can not insert [bus 06-ff] under [bus 05-06] (conflicts with (null) [bus 05-06])
Aug 31 22:50:24 minifree kernel: [    0.128049] pci_bus 0000:06: busn_res: [bus 06-ff] end is updated to 09
Aug 31 22:50:24 minifree kernel: [    0.128053] pci_bus 0000:06: busn_res: can not insert [bus 06-09] under [bus 05-06] (conflicts with (null) [bus 05-06])
Aug 31 22:50:24 minifree kernel: [    0.128060] pci_bus 0000:06: [bus 06-09] partially hidden behind transparent bridge 0000:05 [bus 05-06]
Aug 31 22:50:24 minifree kernel: [    0.128336] ACPI: PCI Interrupt Link [LNKA] (IRQs 1 3 4 5 6 7 10 12 14 15) *11
Aug 31 22:50:24 minifree kernel: [    0.128426] ACPI: PCI Interrupt Link [LNKB] (IRQs 1 3 4 5 6 7 *11 12 14 15)
Aug 31 22:50:24 minifree kernel: [    0.128512] ACPI: PCI Interrupt Link [LNKC] (IRQs 1 3 4 5 6 7 10 12 14 15) *11
Aug 31 22:50:24 minifree kernel: [    0.128597] ACPI: PCI Interrupt Link [LNKD] (IRQs 1 3 4 5 6 7 *11 12 14 15)
Aug 31 22:50:24 minifree kernel: [    0.128682] ACPI: PCI Interrupt Link [LNKE] (IRQs 1 3 4 5 6 7 10 12 14 15) *11
Aug 31 22:50:24 minifree kernel: [    0.128766] ACPI: PCI Interrupt Link [LNKF] (IRQs 1 3 4 5 6 7 *11 12 14 15)
Aug 31 22:50:24 minifree kernel: [    0.128850] ACPI: PCI Interrupt Link [LNKG] (IRQs 1 3 4 5 6 7 10 12 14 15) *11
Aug 31 22:50:24 minifree kernel: [    0.128935] ACPI: PCI Interrupt Link [LNKH] (IRQs 1 3 4 5 6 7 *11 12 14 15)
Aug 31 22:50:24 minifree kernel: [    0.129051] ACPI: \_SB_.PCI0: notify handler is installed
Aug 31 22:50:24 minifree kernel: [    0.129051] Found 1 acpi root devices
Aug 31 22:50:24 minifree kernel: [    0.129051] ACPI : EC: GPE = 0x1c, I/O: command/status = 0x66, data = 0x62
Aug 31 22:50:24 minifree kernel: [    0.129051] vgaarb: device added: PCI:0000:00:02.0,decodes=io+mem,owns=io+mem,locks=none
Aug 31 22:50:24 minifree kernel: [    0.129051] vgaarb: loaded
Aug 31 22:50:24 minifree kernel: [    0.129051] vgaarb: bridge control possible 0000:00:02.0
Aug 31 22:50:24 minifree kernel: [    0.129051] SCSI subsystem initialized
Aug 31 22:50:24 minifree kernel: [    0.129051] libata version 3.00 loaded.
Aug 31 22:50:24 minifree kernel: [    0.129051] ACPI: bus type USB registered
Aug 31 22:50:24 minifree kernel: [    0.129051] usbcore: registered new interface driver usbfs
Aug 31 22:50:24 minifree kernel: [    0.129051] usbcore: registered new interface driver hub
Aug 31 22:50:24 minifree kernel: [    0.129051] usbcore: registered new device driver usb
Aug 31 22:50:24 minifree kernel: [    0.129051] PCI: Using ACPI for IRQ routing
Aug 31 22:50:24 minifree kernel: [    0.133275] PCI: pci_cache_line_size set to 64 bytes
Aug 31 22:50:24 minifree kernel: [    0.133369] e820: reserve RAM buffer [mem 0x7f6d5000-0x7fffffff]
Aug 31 22:50:24 minifree kernel: [    0.133506] NetLabel: Initializing
Aug 31 22:50:24 minifree kernel: [    0.133509] NetLabel:  domain hash size = 128
Aug 31 22:50:24 minifree kernel: [    0.133510] NetLabel:  protocols = UNLABELED CIPSOv4
Aug 31 22:50:24 minifree kernel: [    0.133537] NetLabel:  unlabeled traffic allowed by default
Aug 31 22:50:24 minifree kernel: [    0.133557] HPET: 3 timers in total, 0 timers will be used for per-cpu timer
Aug 31 22:50:24 minifree kernel: [    0.133557] hpet0: at MMIO 0xfed00000, IRQs 2, 8, 0
Aug 31 22:50:24 minifree kernel: [    0.133557] hpet0: 3 comparators, 64-bit 14.318180 MHz counter
Aug 31 22:50:24 minifree kernel: [    0.134098] Switched to clocksource hpet
Aug 31 22:50:24 minifree kernel: [    0.142214] AppArmor: AppArmor Filesystem Enabled
Aug 31 22:50:24 minifree kernel: [    0.142264] pnp: PnP ACPI init
Aug 31 22:50:24 minifree kernel: [    0.142291] ACPI: bus type PNP registered
Aug 31 22:50:24 minifree kernel: [    0.142445] system 00:00: [mem 0xfed1c000-0xfed1ffff] has been reserved
Aug 31 22:50:24 minifree kernel: [    0.142450] system 00:00: [mem 0xfed14000-0xfed17fff] has been reserved
Aug 31 22:50:24 minifree kernel: [    0.142454] system 00:00: [mem 0xfed18000-0xfed18fff] has been reserved
Aug 31 22:50:24 minifree kernel: [    0.142458] system 00:00: [mem 0xfed19000-0xfed19fff] has been reserved
Aug 31 22:50:24 minifree kernel: [    0.142462] system 00:00: [mem 0xf0000000-0xf3ffffff] has been reserved
Aug 31 22:50:24 minifree kernel: [    0.142466] system 00:00: [mem 0xfed20000-0xfed3ffff] has been reserved
Aug 31 22:50:24 minifree kernel: [    0.142470] system 00:00: [mem 0xfed40000-0xfed44fff] has been reserved
Aug 31 22:50:24 minifree kernel: [    0.142474] system 00:00: [mem 0xfed45000-0xfed8ffff] has been reserved
Aug 31 22:50:24 minifree kernel: [    0.142481] system 00:00: Plug and Play ACPI device, IDs PNP0c02 (active)
Aug 31 22:50:24 minifree kernel: [    0.143002] pnp 00:01: [dma 4]
Aug 31 22:50:24 minifree kernel: [    0.143047] pnp 00:01: Plug and Play ACPI device, IDs PNP0200 (active)
Aug 31 22:50:24 minifree kernel: [    0.143092] pnp 00:02: Plug and Play ACPI device, IDs INT0800 (active)
Aug 31 22:50:24 minifree kernel: [    0.143244] system 00:03: [mem 0xfed00000-0xfed003ff] has been reserved
Aug 31 22:50:24 minifree kernel: [    0.143250] system 00:03: Plug and Play ACPI device, IDs PNP0103 PNP0c01 (active)
Aug 31 22:50:24 minifree kernel: [    0.143320] pnp 00:04: Plug and Play ACPI device, IDs PNP0c04 (active)
Aug 31 22:50:24 minifree kernel: [    0.143397] system 00:05: [io  0x0800-0x080f] has been reserved
Aug 31 22:50:24 minifree kernel: [    0.143402] system 00:05: [io  0x0500-0x057f] could not be reserved
Aug 31 22:50:24 minifree kernel: [    0.143406] system 00:05: [io  0x0480-0x04bf] has been reserved
Aug 31 22:50:24 minifree kernel: [    0.143411] system 00:05: Plug and Play ACPI device, IDs PNP0c02 (active)
Aug 31 22:50:24 minifree kernel: [    0.143463] pnp 00:06: Plug and Play ACPI device, IDs PNP0b00 (active)
Aug 31 22:50:24 minifree kernel: [    0.143529] pnp 00:07: Plug and Play ACPI device, IDs PNP0303 PNP030b (active)
Aug 31 22:50:24 minifree kernel: [    0.143593] pnp 00:08: Plug and Play ACPI device, IDs PNP0f13 (active)
Aug 31 22:50:24 minifree kernel: [    0.143654] pnp 00:09: Plug and Play ACPI device, IDs PNP0501 (active)
Aug 31 22:50:24 minifree kernel: [    0.143699] pnp: PnP ACPI: found 10 devices
Aug 31 22:50:24 minifree kernel: [    0.143702] ACPI: bus type PNP unregistered
Aug 31 22:50:24 minifree kernel: [    0.151684] pci 0000:00:1c.0: bridge window [mem 0x00100000-0x000fffff 64bit pref] to [bus 01] add_size 200000
Aug 31 22:50:24 minifree kernel: [    0.151738] pci 0000:00:1f.0: BAR 13: [io  0x0500-0x057f] has bogus alignment
Aug 31 22:50:24 minifree kernel: [    0.151744] pci 0000:00:1c.0: res[15]=[mem 0x00100000-0x000fffff 64bit pref] get_res_add_size add_size 200000
Aug 31 22:50:24 minifree kernel: [    0.151755] pci 0000:00:1c.0: BAR 15: assigned [mem 0x80000000-0x801fffff 64bit pref]
Aug 31 22:50:24 minifree kernel: [    0.151759] pci 0000:00:1c.0: PCI bridge to [bus 01]
Aug 31 22:50:24 minifree kernel: [    0.151765] pci 0000:00:1c.0:   bridge window [io  0x4000-0x4fff]
Aug 31 22:50:24 minifree kernel: [    0.151773] pci 0000:00:1c.0:   bridge window [mem 0xe4100000-0xe41fffff]
Aug 31 22:50:24 minifree kernel: [    0.151780] pci 0000:00:1c.0:   bridge window [mem 0x80000000-0x801fffff 64bit pref]
Aug 31 22:50:24 minifree kernel: [    0.151790] pci 0000:00:1c.1: PCI bridge to [bus 02]
Aug 31 22:50:24 minifree kernel: [    0.151807] pci 0000:00:1c.2: PCI bridge to [bus 03]
Aug 31 22:50:24 minifree kernel: [    0.151824] pci 0000:00:1c.3: PCI bridge to [bus 04]
Aug 31 22:50:24 minifree kernel: [    0.151848] pci 0000:05:00.0: res[15]=[mem 0x04000000-0x03ffffff pref] get_res_add_size add_size 4000000
Aug 31 22:50:24 minifree kernel: [    0.151852] pci 0000:05:00.0: res[16]=[mem 0x04000000-0x03ffffff] get_res_add_size add_size 4000000
Aug 31 22:50:24 minifree kernel: [    0.151856] pci 0000:05:00.0: res[13]=[io  0x0100-0x00ff] get_res_add_size add_size 100
Aug 31 22:50:24 minifree kernel: [    0.151860] pci 0000:05:00.0: res[14]=[io  0x0100-0x00ff] get_res_add_size add_size 100
Aug 31 22:50:24 minifree kernel: [    0.151868] pci 0000:05:00.0: BAR 15: assigned [mem 0x84000000-0x87ffffff pref]
Aug 31 22:50:24 minifree kernel: [    0.151875] pci 0000:05:00.0: BAR 16: assigned [mem 0x88000000-0x8bffffff]
Aug 31 22:50:24 minifree kernel: [    0.151879] pci 0000:05:00.0: BAR 13: assigned [io  0x2000-0x20ff]
Aug 31 22:50:24 minifree kernel: [    0.151883] pci 0000:05:00.0: BAR 14: assigned [io  0x2400-0x24ff]
Aug 31 22:50:24 minifree kernel: [    0.151888] pci 0000:05:00.0: CardBus bridge to [bus 06-09]
Aug 31 22:50:24 minifree kernel: [    0.151891] pci 0000:05:00.0:   bridge window [io  0x2000-0x20ff]
Aug 31 22:50:24 minifree kernel: [    0.151897] pci 0000:05:00.0:   bridge window [io  0x2400-0x24ff]
Aug 31 22:50:24 minifree kernel: [    0.151904] pci 0000:05:00.0:   bridge window [mem 0x84000000-0x87ffffff pref]
Aug 31 22:50:24 minifree kernel: [    0.151910] pci 0000:05:00.0:   bridge window [mem 0x88000000-0x8bffffff]
Aug 31 22:50:24 minifree kernel: [    0.151917] pci 0000:00:1e.0: PCI bridge to [bus 05-06]
Aug 31 22:50:24 minifree kernel: [    0.151922] pci 0000:00:1e.0:   bridge window [io  0x2000-0x3fff]
Aug 31 22:50:24 minifree kernel: [    0.151930] pci 0000:00:1e.0:   bridge window [mem 0xe0000000-0xe20fffff]
Aug 31 22:50:24 minifree kernel: [    0.151937] pci 0000:00:1e.0:   bridge window [mem 0xe2100000-0xe40fffff 64bit pref]
Aug 31 22:50:24 minifree kernel: [    0.151947] pci_bus 0000:00: resource 4 [io  0x0000-0x0cf7]
Aug 31 22:50:24 minifree kernel: [    0.151951] pci_bus 0000:00: resource 5 [io  0x0d00-0xffff]
Aug 31 22:50:24 minifree kernel: [    0.151955] pci_bus 0000:00: resource 6 [mem 0x000a0000-0x000bffff]
Aug 31 22:50:24 minifree kernel: [    0.151958] pci_bus 0000:00: resource 7 [mem 0x000c0000-0x000c3fff]
Aug 31 22:50:24 minifree kernel: [    0.151962] pci_bus 0000:00: resource 8 [mem 0x000c4000-0x000c7fff]
Aug 31 22:50:24 minifree kernel: [    0.151965] pci_bus 0000:00: resource 9 [mem 0x000c8000-0x000cbfff]
Aug 31 22:50:24 minifree kernel: [    0.151968] pci_bus 0000:00: resource 10 [mem 0x000cc000-0x000cffff]
Aug 31 22:50:24 minifree kernel: [    0.151972] pci_bus 0000:00: resource 11 [mem 0x000d0000-0x000d3fff]
Aug 31 22:50:24 minifree kernel: [    0.151975] pci_bus 0000:00: resource 12 [mem 0x000d4000-0x000d7fff]
Aug 31 22:50:24 minifree kernel: [    0.151978] pci_bus 0000:00: resource 13 [mem 0x000d8000-0x000dbfff]
Aug 31 22:50:24 minifree kernel: [    0.151981] pci_bus 0000:00: resource 14 [mem 0x000dc000-0x000dffff]
Aug 31 22:50:24 minifree kernel: [    0.151985] pci_bus 0000:00: resource 15 [mem 0x000e0000-0x000e3fff]
Aug 31 22:50:24 minifree kernel: [    0.151988] pci_bus 0000:00: resource 16 [mem 0x000e4000-0x000e7fff]
Aug 31 22:50:24 minifree kernel: [    0.151991] pci_bus 0000:00: resource 17 [mem 0x000e8000-0x000ebfff]
Aug 31 22:50:24 minifree kernel: [    0.151994] pci_bus 0000:00: resource 18 [mem 0x000ec000-0x000effff]
Aug 31 22:50:24 minifree kernel: [    0.151998] pci_bus 0000:00: resource 19 [mem 0x000f0000-0x000fffff]
Aug 31 22:50:24 minifree kernel: [    0.152014] pci_bus 0000:00: resource 20 [mem 0x80000000-0xfebfffff]
Aug 31 22:50:24 minifree kernel: [    0.152018] pci_bus 0000:00: resource 21 [mem 0xfed40000-0xfed44fff]
Aug 31 22:50:24 minifree kernel: [    0.152022] pci_bus 0000:01: resource 0 [io  0x4000-0x4fff]
Aug 31 22:50:24 minifree kernel: [    0.152025] pci_bus 0000:01: resource 1 [mem 0xe4100000-0xe41fffff]
Aug 31 22:50:24 minifree kernel: [    0.152029] pci_bus 0000:01: resource 2 [mem 0x80000000-0x801fffff 64bit pref]
Aug 31 22:50:24 minifree kernel: [    0.152033] pci_bus 0000:05: resource 0 [io  0x2000-0x3fff]
Aug 31 22:50:24 minifree kernel: [    0.152036] pci_bus 0000:05: resource 1 [mem 0xe0000000-0xe20fffff]
Aug 31 22:50:24 minifree kernel: [    0.152040] pci_bus 0000:05: resource 2 [mem 0xe2100000-0xe40fffff 64bit pref]
Aug 31 22:50:24 minifree kernel: [    0.152043] pci_bus 0000:05: resource 4 [io  0x0000-0x0cf7]
Aug 31 22:50:24 minifree kernel: [    0.152047] pci_bus 0000:05: resource 5 [io  0x0d00-0xffff]
Aug 31 22:50:24 minifree kernel: [    0.152050] pci_bus 0000:05: resource 6 [mem 0x000a0000-0x000bffff]
Aug 31 22:50:24 minifree kernel: [    0.152054] pci_bus 0000:05: resource 7 [mem 0x000c0000-0x000c3fff]
Aug 31 22:50:24 minifree kernel: [    0.152057] pci_bus 0000:05: resource 8 [mem 0x000c4000-0x000c7fff]
Aug 31 22:50:24 minifree kernel: [    0.152061] pci_bus 0000:05: resource 9 [mem 0x000c8000-0x000cbfff]
Aug 31 22:50:24 minifree kernel: [    0.152064] pci_bus 0000:05: resource 10 [mem 0x000cc000-0x000cffff]
Aug 31 22:50:24 minifree kernel: [    0.152067] pci_bus 0000:05: resource 11 [mem 0x000d0000-0x000d3fff]
Aug 31 22:50:24 minifree kernel: [    0.152071] pci_bus 0000:05: resource 12 [mem 0x000d4000-0x000d7fff]
Aug 31 22:50:24 minifree kernel: [    0.152074] pci_bus 0000:05: resource 13 [mem 0x000d8000-0x000dbfff]
Aug 31 22:50:24 minifree kernel: [    0.152077] pci_bus 0000:05: resource 14 [mem 0x000dc000-0x000dffff]
Aug 31 22:50:24 minifree kernel: [    0.152080] pci_bus 0000:05: resource 15 [mem 0x000e0000-0x000e3fff]
Aug 31 22:50:24 minifree kernel: [    0.152084] pci_bus 0000:05: resource 16 [mem 0x000e4000-0x000e7fff]
Aug 31 22:50:24 minifree kernel: [    0.152087] pci_bus 0000:05: resource 17 [mem 0x000e8000-0x000ebfff]
Aug 31 22:50:24 minifree kernel: [    0.152090] pci_bus 0000:05: resource 18 [mem 0x000ec000-0x000effff]
Aug 31 22:50:24 minifree kernel: [    0.152093] pci_bus 0000:05: resource 19 [mem 0x000f0000-0x000fffff]
Aug 31 22:50:24 minifree kernel: [    0.152097] pci_bus 0000:05: resource 20 [mem 0x80000000-0xfebfffff]
Aug 31 22:50:24 minifree kernel: [    0.152100] pci_bus 0000:05: resource 21 [mem 0xfed40000-0xfed44fff]
Aug 31 22:50:24 minifree kernel: [    0.152104] pci_bus 0000:06: resource 0 [io  0x2000-0x20ff]
Aug 31 22:50:24 minifree kernel: [    0.152107] pci_bus 0000:06: resource 1 [io  0x2400-0x24ff]
Aug 31 22:50:24 minifree kernel: [    0.152111] pci_bus 0000:06: resource 2 [mem 0x84000000-0x87ffffff pref]
Aug 31 22:50:24 minifree kernel: [    0.152114] pci_bus 0000:06: resource 3 [mem 0x88000000-0x8bffffff]
Aug 31 22:50:24 minifree kernel: [    0.152167] NET: Registered protocol family 2
Aug 31 22:50:24 minifree kernel: [    0.152410] TCP established hash table entries: 16384 (order: 5, 131072 bytes)
Aug 31 22:50:24 minifree kernel: [    0.152518] TCP bind hash table entries: 16384 (order: 6, 262144 bytes)
Aug 31 22:50:24 minifree kernel: [    0.152669] TCP: Hash tables configured (established 16384 bind 16384)
Aug 31 22:50:24 minifree kernel: [    0.152731] TCP: reno registered
Aug 31 22:50:24 minifree kernel: [    0.152739] UDP hash table entries: 1024 (order: 3, 32768 bytes)
Aug 31 22:50:24 minifree kernel: [    0.152763] UDP-Lite hash table entries: 1024 (order: 3, 32768 bytes)
Aug 31 22:50:24 minifree kernel: [    0.152861] NET: Registered protocol family 1
Aug 31 22:50:24 minifree kernel: [    0.152882] pci 0000:00:02.0: Boot video device
Aug 31 22:50:24 minifree kernel: [    0.154029] PCI: CLS 64 bytes, default 64
Aug 31 22:50:24 minifree kernel: [    0.154130] Trying to unpack rootfs image as initramfs...
Aug 31 22:50:24 minifree kernel: [    0.891588] Freeing initrd memory: 23964K (ffff880035122000 - ffff880036889000)
Aug 31 22:50:24 minifree kernel: [    0.891983] microcode: CPU0 sig=0x6f6, pf=0x20, revision=0x0
Aug 31 22:50:24 minifree kernel: [    0.891991] microcode: CPU1 sig=0x6f6, pf=0x20, revision=0x0
Aug 31 22:50:24 minifree kernel: [    0.892123] microcode: Microcode Update Driver: v2.00 <tigran@aivazian.fsnet.co.uk>, Peter Oruba
Aug 31 22:50:24 minifree kernel: [    0.892126] Scanning for low memory corruption every 60 seconds
Aug 31 22:50:24 minifree kernel: [    0.892509] Initialise system trusted keyring
Aug 31 22:50:24 minifree kernel: [    0.892592] audit: initializing netlink socket (disabled)
Aug 31 22:50:24 minifree kernel: [    0.892616] type=2000 audit(1409521794.892:1): initialized
Aug 31 22:50:24 minifree kernel: [    0.938675] HugeTLB registered 2 MB page size, pre-allocated 0 pages
Aug 31 22:50:24 minifree kernel: [    0.940706] zbud: loaded
Aug 31 22:50:24 minifree kernel: [    0.940918] VFS: Disk quotas dquot_6.5.2
Aug 31 22:50:24 minifree kernel: [    0.940988] Dquot-cache hash table entries: 512 (order 0, 4096 bytes)
Aug 31 22:50:24 minifree kernel: [    0.941797] fuse init (API version 7.22)
Aug 31 22:50:24 minifree kernel: [    0.941924] msgmni has been set to 3980
Aug 31 22:50:24 minifree kernel: [    0.942015] Key type big_key registered
Aug 31 22:50:24 minifree kernel: [    0.942641] Key type asymmetric registered
Aug 31 22:50:24 minifree kernel: [    0.942645] Asymmetric key parser 'x509' registered
Aug 31 22:50:24 minifree kernel: [    0.942697] Block layer SCSI generic (bsg) driver version 0.4 loaded (major 252)
Aug 31 22:50:24 minifree kernel: [    0.942747] io scheduler noop registered
Aug 31 22:50:24 minifree kernel: [    0.942751] io scheduler deadline registered (default)
Aug 31 22:50:24 minifree kernel: [    0.942789] io scheduler cfq registered
Aug 31 22:50:24 minifree kernel: [    0.942802] io scheduler bfq registered
Aug 31 22:50:24 minifree kernel: [    0.942804] BFQ I/O-scheduler version: v7r5
Aug 31 22:50:24 minifree kernel: [    0.943133] pcieport 0000:00:1c.0: irq 40 for MSI/MSI-X
Aug 31 22:50:24 minifree kernel: [    0.943399] pcieport 0000:00:1c.1: irq 41 for MSI/MSI-X
Aug 31 22:50:24 minifree kernel: [    0.943635] pcieport 0000:00:1c.2: irq 42 for MSI/MSI-X
Aug 31 22:50:24 minifree kernel: [    0.943873] pcieport 0000:00:1c.3: irq 43 for MSI/MSI-X
Aug 31 22:50:24 minifree kernel: [    0.944051] pcieport 0000:00:1c.0: Signaling PME through PCIe PME interrupt
Aug 31 22:50:24 minifree kernel: [    0.944061] pci 0000:01:00.0: Signaling PME through PCIe PME interrupt
Aug 31 22:50:24 minifree kernel: [    0.944068] pcie_pme 0000:00:1c.0:pcie01: service driver pcie_pme loaded
Aug 31 22:50:24 minifree kernel: [    0.944102] pcieport 0000:00:1c.1: Signaling PME through PCIe PME interrupt
Aug 31 22:50:24 minifree kernel: [    0.944109] pcie_pme 0000:00:1c.1:pcie01: service driver pcie_pme loaded
Aug 31 22:50:24 minifree kernel: [    0.944142] pcieport 0000:00:1c.2: Signaling PME through PCIe PME interrupt
Aug 31 22:50:24 minifree kernel: [    0.944149] pcie_pme 0000:00:1c.2:pcie01: service driver pcie_pme loaded
Aug 31 22:50:24 minifree kernel: [    0.944178] pcieport 0000:00:1c.3: Signaling PME through PCIe PME interrupt
Aug 31 22:50:24 minifree kernel: [    0.944185] pcie_pme 0000:00:1c.3:pcie01: service driver pcie_pme loaded
Aug 31 22:50:24 minifree kernel: [    0.944207] pci_hotplug: PCI Hot Plug PCI Core version: 0.5
Aug 31 22:50:24 minifree kernel: [    0.944253] pciehp 0000:00:1c.0:pcie04: HPC vendor_id 8086 device_id 27d0 ss_vid 8086 ss_did 27d0
Aug 31 22:50:24 minifree kernel: [    0.944297] pciehp 0000:00:1c.0:pcie04: service driver pciehp loaded
Aug 31 22:50:24 minifree kernel: [    0.944307] pciehp: PCI Express Hot Plug Controller Driver version: 0.4
Aug 31 22:50:24 minifree kernel: [    0.944385] intel_idle: does not run on family 6 model 15
Aug 31 22:50:24 minifree kernel: [    0.944397] ipmi message handler version 39.2
Aug 31 22:50:24 minifree kernel: [    0.944733] ACPI: AC Adapter [AC] (off-line)
Aug 31 22:50:24 minifree kernel: [    0.944807] ACPI Exception: AE_NOT_FOUND, Error reading AC Adapter state (20131115/ac-108)
Aug 31 22:50:24 minifree kernel: [    0.945053] input: Sleep Button as /devices/LNXSYSTM:00/device:00/PNP0A08:00/device:24/PNP0C09:00/PNP0C0E:00/input/input0
Aug 31 22:50:24 minifree kernel: [    0.945061] ACPI: Sleep Button [SLPB]
Aug 31 22:50:24 minifree kernel: [    0.945124] input: Lid Switch as /devices/LNXSYSTM:00/device:00/PNP0A08:00/device:24/PNP0C09:00/PNP0C0D:00/input/input1
Aug 31 22:50:24 minifree kernel: [    0.945243] ACPI: Lid Switch [LID]
Aug 31 22:50:24 minifree kernel: [    0.945307] input: Power Button as /devices/LNXSYSTM:00/LNXPWRBN:00/input/input2
Aug 31 22:50:24 minifree kernel: [    0.945312] ACPI: Power Button [PWRF]
Aug 31 22:50:24 minifree kernel: [    0.946267] Monitor-Mwait will be used to enter C-1 state
Aug 31 22:50:24 minifree kernel: [    0.946279] tsc: Marking TSC unstable due to TSC halts in idle
Aug 31 22:50:24 minifree kernel: [    0.946288] ACPI: acpi_idle registered with cpuidle
Aug 31 22:50:24 minifree kernel: [    0.947899] thermal LNXTHERM:00: registered as thermal_zone0
Aug 31 22:50:24 minifree kernel: [    0.947904] ACPI: Thermal Zone [THM0] (39 C)
Aug 31 22:50:24 minifree kernel: [    0.948530] thermal LNXTHERM:01: registered as thermal_zone1
Aug 31 22:50:24 minifree kernel: [    0.948533] ACPI: Thermal Zone [THM1] (27 C)
Aug 31 22:50:24 minifree kernel: [    0.948573] GHES: HEST is not enabled!
Aug 31 22:50:24 minifree kernel: [    0.948770] Serial: 8250/16550 driver, 32 ports, IRQ sharing enabled
Aug 31 22:50:24 minifree kernel: [    0.952564] Linux agpgart interface v0.103
Aug 31 22:50:24 minifree kernel: [    0.952903] agpgart-intel 0000:00:00.0: Intel 945GM Chipset
Aug 31 22:50:24 minifree kernel: [    0.952979] agpgart-intel 0000:00:00.0: detected gtt size: 262144K total, 262144K mappable
Aug 31 22:50:24 minifree kernel: [    0.954238] agpgart-intel 0000:00:00.0: detected 8192K stolen memory
Aug 31 22:50:24 minifree kernel: [    0.954581] agpgart-intel 0000:00:00.0: AGP aperture is 256M @ 0xd0000000
Aug 31 22:50:24 minifree kernel: [    0.960749] brd: module loaded
Aug 31 22:50:24 minifree kernel: [    0.962506] loop: module loaded
Aug 31 22:50:24 minifree kernel: [    0.962983] ata_piix 0000:00:1f.1: version 2.13
Aug 31 22:50:24 minifree kernel: [    0.963770] ACPI: Deprecated procfs I/F for battery is loaded, please retry with CONFIG_ACPI_PROCFS_POWER cleared
Aug 31 22:50:24 minifree kernel: [    0.963780] ACPI: Battery Slot [BAT0] (battery present)
Aug 31 22:50:24 minifree kernel: [    0.963927] ACPI: Deprecated procfs I/F for battery is loaded, please retry with CONFIG_ACPI_PROCFS_POWER cleared
Aug 31 22:50:24 minifree kernel: [    0.963935] ACPI: Battery Slot [BAT1] (battery absent)
Aug 31 22:50:24 minifree kernel: [    0.964039] scsi0 : ata_piix
Aug 31 22:50:24 minifree kernel: [    0.964177] scsi1 : ata_piix
Aug 31 22:50:24 minifree kernel: [    0.964231] ata1: PATA max UDMA/100 cmd 0x1f0 ctl 0x3f6 bmdma 0x5080 irq 14
Aug 31 22:50:24 minifree kernel: [    0.964235] ata2: PATA max UDMA/100 cmd 0x170 ctl 0x376 bmdma 0x5088 irq 15
Aug 31 22:50:24 minifree kernel: [    0.964290] ata1: port disabled--ignoring
Aug 31 22:50:24 minifree kernel: [    0.964327] ata2: port disabled--ignoring
Aug 31 22:50:24 minifree kernel: [    0.964709] libphy: Fixed MDIO Bus: probed
Aug 31 22:50:24 minifree kernel: [    0.964859] tun: Universal TUN/TAP device driver, 1.6
Aug 31 22:50:24 minifree kernel: [    0.964861] tun: (C) 1999-2004 Max Krasnyansky <maxk@qualcomm.com>
Aug 31 22:50:24 minifree kernel: [    0.964949] PPP generic driver version 2.4.2
Aug 31 22:50:24 minifree kernel: [    0.965035] ehci_hcd: USB 2.0 'Enhanced' Host Controller (EHCI) Driver
Aug 31 22:50:24 minifree kernel: [    0.965043] ehci-pci: EHCI PCI platform driver
Aug 31 22:50:24 minifree kernel: [    0.965215] ehci-pci 0000:00:1d.7: EHCI Host Controller
Aug 31 22:50:24 minifree kernel: [    0.965228] ehci-pci 0000:00:1d.7: new USB bus registered, assigned bus number 1
Aug 31 22:50:24 minifree kernel: [    0.965248] ehci-pci 0000:00:1d.7: debug port 1
Aug 31 22:50:24 minifree kernel: [    0.969175] ehci-pci 0000:00:1d.7: cache line size of 64 is not supported
Aug 31 22:50:24 minifree kernel: [    0.969198] ehci-pci 0000:00:1d.7: irq 19, io mem 0xe4344000
Aug 31 22:50:24 minifree kernel: [    0.980055] ehci-pci 0000:00:1d.7: USB 2.0 started, EHCI 1.00
Aug 31 22:50:24 minifree kernel: [    0.980167] usb usb1: New USB device found, idVendor=1d6b, idProduct=0002
Aug 31 22:50:24 minifree kernel: [    0.980171] usb usb1: New USB device strings: Mfr=3, Product=2, SerialNumber=1
Aug 31 22:50:24 minifree kernel: [    0.980174] usb usb1: Product: EHCI Host Controller
Aug 31 22:50:24 minifree kernel: [    0.980178] usb usb1: Manufacturer: Linux 3.13.0-34-generic ehci_hcd
Aug 31 22:50:24 minifree kernel: [    0.980181] usb usb1: SerialNumber: 0000:00:1d.7
Aug 31 22:50:24 minifree kernel: [    0.980361] hub 1-0:1.0: USB hub found
Aug 31 22:50:24 minifree kernel: [    0.980376] hub 1-0:1.0: 8 ports detected
Aug 31 22:50:24 minifree kernel: [    0.980772] ehci-platform: EHCI generic platform driver
Aug 31 22:50:24 minifree kernel: [    0.980789] ohci_hcd: USB 1.1 'Open' Host Controller (OHCI) Driver
Aug 31 22:50:24 minifree kernel: [    0.980791] ohci-pci: OHCI PCI platform driver
Aug 31 22:50:24 minifree kernel: [    0.980807] ohci-platform: OHCI generic platform driver
Aug 31 22:50:24 minifree kernel: [    0.980820] uhci_hcd: USB Universal Host Controller Interface driver
Aug 31 22:50:24 minifree kernel: [    0.980960] uhci_hcd 0000:00:1d.0: UHCI Host Controller
Aug 31 22:50:24 minifree kernel: [    0.980969] uhci_hcd 0000:00:1d.0: new USB bus registered, assigned bus number 2
Aug 31 22:50:24 minifree kernel: [    0.981013] uhci_hcd 0000:00:1d.0: irq 16, io base 0x00005000
Aug 31 22:50:24 minifree kernel: [    0.981094] usb usb2: New USB device found, idVendor=1d6b, idProduct=0001
Aug 31 22:50:24 minifree kernel: [    0.981099] usb usb2: New USB device strings: Mfr=3, Product=2, SerialNumber=1
Aug 31 22:50:24 minifree kernel: [    0.981102] usb usb2: Product: UHCI Host Controller
Aug 31 22:50:24 minifree kernel: [    0.981106] usb usb2: Manufacturer: Linux 3.13.0-34-generic uhci_hcd
Aug 31 22:50:24 minifree kernel: [    0.981109] usb usb2: SerialNumber: 0000:00:1d.0
Aug 31 22:50:24 minifree kernel: [    0.981266] hub 2-0:1.0: USB hub found
Aug 31 22:50:24 minifree kernel: [    0.981279] hub 2-0:1.0: 2 ports detected
Aug 31 22:50:24 minifree kernel: [    0.981522] uhci_hcd 0000:00:1d.1: UHCI Host Controller
Aug 31 22:50:24 minifree kernel: [    0.981530] uhci_hcd 0000:00:1d.1: new USB bus registered, assigned bus number 3
Aug 31 22:50:24 minifree kernel: [    0.981575] uhci_hcd 0000:00:1d.1: irq 17, io base 0x00005020
Aug 31 22:50:24 minifree kernel: [    0.981654] usb usb3: New USB device found, idVendor=1d6b, idProduct=0001
Aug 31 22:50:24 minifree kernel: [    0.981658] usb usb3: New USB device strings: Mfr=3, Product=2, SerialNumber=1
Aug 31 22:50:24 minifree kernel: [    0.981662] usb usb3: Product: UHCI Host Controller
Aug 31 22:50:24 minifree kernel: [    0.981665] usb usb3: Manufacturer: Linux 3.13.0-34-generic uhci_hcd
Aug 31 22:50:24 minifree kernel: [    0.981669] usb usb3: SerialNumber: 0000:00:1d.1
Aug 31 22:50:24 minifree kernel: [    0.981825] hub 3-0:1.0: USB hub found
Aug 31 22:50:24 minifree kernel: [    0.981840] hub 3-0:1.0: 2 ports detected
Aug 31 22:50:24 minifree kernel: [    0.982079] uhci_hcd 0000:00:1d.2: UHCI Host Controller
Aug 31 22:50:24 minifree kernel: [    0.982090] uhci_hcd 0000:00:1d.2: new USB bus registered, assigned bus number 4
Aug 31 22:50:24 minifree kernel: [    0.982135] uhci_hcd 0000:00:1d.2: irq 18, io base 0x00005040
Aug 31 22:50:24 minifree kernel: [    0.982218] usb usb4: New USB device found, idVendor=1d6b, idProduct=0001
Aug 31 22:50:24 minifree kernel: [    0.982222] usb usb4: New USB device strings: Mfr=3, Product=2, SerialNumber=1
Aug 31 22:50:24 minifree kernel: [    0.982225] usb usb4: Product: UHCI Host Controller
Aug 31 22:50:24 minifree kernel: [    0.982229] usb usb4: Manufacturer: Linux 3.13.0-34-generic uhci_hcd
Aug 31 22:50:24 minifree kernel: [    0.982232] usb usb4: SerialNumber: 0000:00:1d.2
Aug 31 22:50:24 minifree kernel: [    0.982388] hub 4-0:1.0: USB hub found
Aug 31 22:50:24 minifree kernel: [    0.982401] hub 4-0:1.0: 2 ports detected
Aug 31 22:50:24 minifree kernel: [    0.982648] uhci_hcd 0000:00:1d.3: UHCI Host Controller
Aug 31 22:50:24 minifree kernel: [    0.982656] uhci_hcd 0000:00:1d.3: new USB bus registered, assigned bus number 5
Aug 31 22:50:24 minifree kernel: [    0.982688] uhci_hcd 0000:00:1d.3: irq 19, io base 0x00005060
Aug 31 22:50:24 minifree kernel: [    0.982769] usb usb5: New USB device found, idVendor=1d6b, idProduct=0001
Aug 31 22:50:24 minifree kernel: [    0.982774] usb usb5: New USB device strings: Mfr=3, Product=2, SerialNumber=1
Aug 31 22:50:24 minifree kernel: [    0.982777] usb usb5: Product: UHCI Host Controller
Aug 31 22:50:24 minifree kernel: [    0.982781] usb usb5: Manufacturer: Linux 3.13.0-34-generic uhci_hcd
Aug 31 22:50:24 minifree kernel: [    0.982784] usb usb5: SerialNumber: 0000:00:1d.3
Aug 31 22:50:24 minifree kernel: [    0.982935] hub 5-0:1.0: USB hub found
Aug 31 22:50:24 minifree kernel: [    0.982947] hub 5-0:1.0: 2 ports detected
Aug 31 22:50:24 minifree kernel: [    0.983162] i8042: PNP: PS/2 Controller [PNP0303:PS2K,PNP0f13:PS2M] at 0x60,0x64 irq 1,12
Aug 31 22:50:24 minifree kernel: [    0.996933] serio: i8042 KBD port at 0x60,0x64 irq 1
Aug 31 22:50:24 minifree kernel: [    0.996948] serio: i8042 AUX port at 0x60,0x64 irq 12
Aug 31 22:50:24 minifree kernel: [    0.997177] mousedev: PS/2 mouse device common for all mice
Aug 31 22:50:24 minifree kernel: [    0.997526] rtc_cmos 00:06: RTC can wake from S4
Aug 31 22:50:24 minifree kernel: [    0.997724] rtc_cmos 00:06: rtc core: registered rtc_cmos as rtc0
Aug 31 22:50:24 minifree kernel: [    0.997761] rtc_cmos 00:06: alarms up to one month, y3k, 242 bytes nvram, hpet irqs
Aug 31 22:50:24 minifree kernel: [    0.997869] device-mapper: uevent: version 1.0.3
Aug 31 22:50:24 minifree kernel: [    0.997988] device-mapper: ioctl: 4.27.0-ioctl (2013-10-30) initialised: dm-devel@redhat.com
Aug 31 22:50:24 minifree kernel: [    0.998000] ledtrig-cpu: registered to indicate activity on CPUs
Aug 31 22:50:24 minifree kernel: [    0.998153] TCP: cubic registered
Aug 31 22:50:24 minifree kernel: [    0.998301] NET: Registered protocol family 10
Aug 31 22:50:24 minifree kernel: [    0.998581] NET: Registered protocol family 17
Aug 31 22:50:24 minifree kernel: [    0.998598] Key type dns_resolver registered
Aug 31 22:50:24 minifree kernel: [    0.999003] Loading compiled-in X.509 certificates
Aug 31 22:50:24 minifree kernel: [    1.000843] Loaded X.509 cert 'Magrathea: Glacier signing key: 0cadd161e4220740356b3090aabd2b3fcb83a5d0'
Aug 31 22:50:24 minifree kernel: [    1.000865] registered taskstats version 1
Aug 31 22:50:24 minifree kernel: [    1.004840] input: AT Translated Set 2 keyboard as /devices/platform/i8042/serio0/input/input3
Aug 31 22:50:24 minifree kernel: [    1.006130] Key type trusted registered
Aug 31 22:50:24 minifree kernel: [    1.010130] Key type encrypted registered
Aug 31 22:50:24 minifree kernel: [    1.015532] AppArmor: AppArmor sha1 policy hashing enabled
Aug 31 22:50:24 minifree kernel: [    1.015538] IMA: No TPM chip found, activating TPM-bypass!
Aug 31 22:50:24 minifree kernel: [    1.015959] regulator-dummy: disabling
Aug 31 22:50:24 minifree kernel: [    1.016046]   Magic number: 10:359:855
Aug 31 22:50:24 minifree kernel: [    1.016202] rtc_cmos 00:06: setting system clock to 2014-08-31 21:49:55 UTC (1409521795)
Aug 31 22:50:24 minifree kernel: [    1.017114] BIOS EDD facility v0.16 2004-Jun-25, 0 devices found
Aug 31 22:50:24 minifree kernel: [    1.017120] EDD information not available.
Aug 31 22:50:24 minifree kernel: [    1.017162] PM: Hibernation image not present or could not be loaded.
Aug 31 22:50:24 minifree kernel: [    1.019541] Freeing unused kernel memory: 1336K (ffffffff81d20000 - ffffffff81e6e000)
Aug 31 22:50:24 minifree kernel: [    1.019544] Write protecting the kernel read-only data: 12288k
Aug 31 22:50:24 minifree kernel: [    1.023552] Freeing unused kernel memory: 788K (ffff88000173b000 - ffff880001800000)
Aug 31 22:50:24 minifree kernel: [    1.026751] Freeing unused kernel memory: 680K (ffff880001b56000 - ffff880001c00000)
Aug 31 22:50:24 minifree kernel: [    1.094875] pps_core: LinuxPPS API ver. 1 registered
Aug 31 22:50:24 minifree kernel: [    1.094880] pps_core: Software ver. 5.3.6 - Copyright 2005-2007 Rodolfo Giometti <giometti@linux.it>
Aug 31 22:50:24 minifree kernel: [    1.098290] [drm] Initialized drm 1.1.0 20060810
Aug 31 22:50:24 minifree kernel: [    1.102066] ACPI: Video Device [GFX0] (multi-head: yes  rom: no  post: no)
Aug 31 22:50:24 minifree kernel: [    1.106256] PTP clock support registered
Aug 31 22:50:24 minifree kernel: [    1.113596] e1000e: Intel(R) PRO/1000 Network Driver - 2.3.2-k
Aug 31 22:50:24 minifree kernel: [    1.113602] e1000e: Copyright(c) 1999 - 2013 Intel Corporation.
Aug 31 22:50:24 minifree kernel: [    1.124513] e1000e 0000:01:00.0: Interrupt Throttling Rate (ints/sec) set to dynamic conservative mode
Aug 31 22:50:24 minifree kernel: [    1.124561] e1000e 0000:01:00.0: irq 44 for MSI/MSI-X
Aug 31 22:50:24 minifree kernel: [    1.124660] acpi device:04: registered as cooling_device2
Aug 31 22:50:24 minifree kernel: [    1.124749] input: Video Bus as /devices/LNXSYSTM:00/device:00/PNP0A08:00/LNXVIDEO:00/input/input5
Aug 31 22:50:24 minifree kernel: [    1.147236] [drm:i915_dump_device_info], i915 device info: gen=3, pciid=0x27a2 flags=is_mobile,is_i945gm,has_hotplug,cursor_needs_physical,has_overlay,overlay_needs_physical,supports_tv,
Aug 31 22:50:24 minifree kernel: [    1.147327] [drm:intel_detect_pch], No PCH found.
Aug 31 22:50:24 minifree kernel: [    1.147333] [drm] Memory usable by graphics device = 256M
Aug 31 22:50:24 minifree kernel: [    1.147335] [drm:i915_gem_gtt_init], GMADR size = 256M
Aug 31 22:50:24 minifree kernel: [    1.147338] [drm:i915_gem_gtt_init], GTT stolen size = 8M
Aug 31 22:50:24 minifree kernel: [    1.149656] sdhci: Secure Digital Host Controller Interface driver
Aug 31 22:50:24 minifree kernel: [    1.149659] sdhci: Copyright(c) Pierre Ossman
Aug 31 22:50:24 minifree kernel: [    1.152120] sdhci-pci 0000:05:00.2: SDHCI controller found [1180:0822] (rev 18)
Aug 31 22:50:24 minifree kernel: [    1.152136] pci 0000:00:1e.0: enabling device (0004 -> 0007)
Aug 31 22:50:24 minifree kernel: [    1.180299] [drm:intel_opregion_setup], graphic opregion physical addr: 0x0
Aug 31 22:50:24 minifree kernel: [    1.180306] [drm:intel_opregion_setup], ACPI OpRegion not supported!
Aug 31 22:50:24 minifree kernel: [    1.180346] [drm] Supports vblank timestamp caching Rev 2 (21.10.2013).
Aug 31 22:50:24 minifree kernel: [    1.180348] [drm] Driver supports precise vblank timestamp query.
Aug 31 22:50:24 minifree kernel: [    1.180351] [drm:init_vbt_defaults], Set default to SSC at 100MHz
Aug 31 22:50:24 minifree kernel: [    1.180358] i915 0000:00:02.0: Invalid ROM contents
Aug 31 22:50:24 minifree kernel: [    1.180360] [drm:intel_parse_bios], VBT signature missing
Aug 31 22:50:24 minifree kernel: [    1.180363] [drm] failed to find VBIOS tables
Aug 31 22:50:24 minifree kernel: [    1.180369] [drm:intel_dsm_pci_probe], no _DSM method for intel device
Aug 31 22:50:24 minifree kernel: [    1.180383] [drm:i915_gem_init_stolen], found 8388608 bytes of stolen memory at 7f800000
Aug 31 22:50:24 minifree kernel: [    1.180409] [drm] GPU crash dump saved to /sys/class/drm/card0/error
Aug 31 22:50:24 minifree kernel: [    1.180412] [drm:intel_modeset_init], 2 display pipes available.
Aug 31 22:50:24 minifree kernel: [    1.180419] [drm:intel_crtc_init], swapping pipes & planes for FBC
Aug 31 22:50:24 minifree kernel: [    1.180421] [drm] GPU hangs can indicate a bug anywhere in the entire gfx stack, including userspace.
Aug 31 22:50:24 minifree kernel: [    1.180423] [drm] Please file a _new_ bug report on bugs.freedesktop.org against DRI -> DRM/Intel
Aug 31 22:50:24 minifree kernel: [    1.180425] [drm] drm/i915 developers can then reassign to the right component if it's not a kernel issue.
Aug 31 22:50:24 minifree kernel: [    1.180427] [drm] The gpu crash dump is required to analyze gpu hangs, so please always attach it.
Aug 31 22:50:24 minifree kernel: [    1.180429] [drm:intel_modeset_init], pipe A sprite A init failed: -19
Aug 31 22:50:24 minifree kernel: [    1.180435] [drm:intel_crtc_init], swapping pipes & planes for FBC
Aug 31 22:50:24 minifree kernel: [    1.180437] [drm:intel_modeset_init], pipe B sprite B init failed: -19
Aug 31 22:50:24 minifree kernel: [    1.180440] [drm:intel_shared_dpll_init], 0 shared PLLs initialized
Aug 31 22:50:24 minifree kernel: [    1.180448] vgaarb: device changed decodes: PCI:0000:00:02.0,olddecodes=io+mem,decodes=io+mem:owns=io+mem
Aug 31 22:50:24 minifree kernel: [    1.180450] i915: render error detected, EIR: 0x00000010
Aug 31 22:50:24 minifree kernel: [    1.180452] i915: page table error
Aug 31 22:50:24 minifree kernel: [    1.180454] i915:   PGTBL_ER: 0x00000012
Aug 31 22:50:24 minifree kernel: [    1.180457] [drm:i915_report_and_clear_eir] *ERROR* EIR stuck: 0x00000010, masking
Aug 31 22:50:24 minifree kernel: [    1.180463] [drm:i915_irq_handler], pipe B underrun
Aug 31 22:50:24 minifree kernel: [    1.180469] i915: render error detected, EIR: 0x00000010
Aug 31 22:50:24 minifree kernel: [    1.180471] i915: page table error
Aug 31 22:50:24 minifree kernel: [    1.180473] i915:   PGTBL_ER: 0x00000012
Aug 31 22:50:24 minifree kernel: [    1.182043] sdhci-pci 0000:05:00.2: Will use DMA mode even though HW doesn't fully claim to support it.
Aug 31 22:50:24 minifree kernel: [    1.182056] sdhci-pci 0000:05:00.2: dummy supplies not allowed
Aug 31 22:50:24 minifree kernel: [    1.182059] mmc0: no vqmmc regulator found
Aug 31 22:50:24 minifree kernel: [    1.182062] sdhci-pci 0000:05:00.2: dummy supplies not allowed
Aug 31 22:50:24 minifree kernel: [    1.182064] mmc0: no vmmc regulator found
Aug 31 22:50:24 minifree kernel: [    1.183062] sdhci-pci 0000:05:00.2: Will use DMA mode even though HW doesn't fully claim to support it.
Aug 31 22:50:24 minifree kernel: [    1.183862] mmc0: SDHCI controller on PCI [0000:05:00.2] using DMA
Aug 31 22:50:24 minifree kernel: [    1.236462] e1000e 0000:01:00.0 eth0: (PCI Express:2.5GT/s:Width x1) 00:16:d3:b6:d0:98
Aug 31 22:50:24 minifree kernel: [    1.236469] e1000e 0000:01:00.0 eth0: Intel(R) PRO/1000 Network Connection
Aug 31 22:50:24 minifree kernel: [    1.236549] e1000e 0000:01:00.0 eth0: MAC: 2, PHY: 2, PBA No: 005302-003
Aug 31 22:50:24 minifree kernel: [    1.248155] firewire_ohci 0000:05:00.1: added OHCI v1.10 device as card 0, 4 IR + 4 IT contexts, quirks 0x11
Aug 31 22:50:24 minifree kernel: [    1.264281] [drm:intel_lvds_init], using preferred mode from EDID: 
Aug 31 22:50:24 minifree kernel: [    1.264287] [drm:drm_mode_debug_printmodeline], Modeline 8:"1024x768" 50 54160 1024 1048 1184 1344 768 771 777 806 0x48 0xa
Aug 31 22:50:24 minifree kernel: [    1.264297] [drm:intel_lvds_init], detected single-link lvds configuration
Aug 31 22:50:24 minifree kernel: [    1.264356] [drm:intel_panel_get_backlight], get backlight PWM = 24832
Aug 31 22:50:24 minifree kernel: [    1.264360] [drm:intel_panel_get_max_backlight], max backlight PWM = 24832
Aug 31 22:50:24 minifree kernel: [    1.264505] [drm:i915_gem_setup_global_gtt], clearing unused GTT space: [0, ffff000]
Aug 31 22:50:24 minifree kernel: [    1.264889] [drm:i915_gem_object_create_stolen], creating stolen object: size=20000
Aug 31 22:50:24 minifree kernel: [    1.264897] [drm:i915_pages_create_for_stolen], offset=0x0, size=131072
Aug 31 22:50:24 minifree kernel: [    1.264946] [drm:i915_gem_context_init], Disabling HW Contexts; old hardware
Aug 31 22:50:24 minifree kernel: [    1.264996] [drm] initialized overlay support
Aug 31 22:50:24 minifree kernel: [    1.265002] [drm:intel_modeset_readout_hw_state], [CRTC:3] hw state readout: disabled
Aug 31 22:50:24 minifree kernel: [    1.265012] [drm:intel_modeset_readout_hw_state], [CRTC:4] hw state readout: enabled
Aug 31 22:50:24 minifree kernel: [    1.265017] [drm:intel_modeset_readout_hw_state], [ENCODER:6:LVDS-6] hw state readout: enabled, pipe B
Aug 31 22:50:24 minifree kernel: [    1.265022] [drm:intel_modeset_readout_hw_state], [ENCODER:16:DAC-16] hw state readout: disabled, pipe A
Aug 31 22:50:24 minifree kernel: [    1.265026] [drm:intel_modeset_readout_hw_state], [ENCODER:18:TV-18] hw state readout: disabled, pipe A
Aug 31 22:50:24 minifree kernel: [    1.265031] [drm:intel_modeset_readout_hw_state], [CONNECTOR:5:LVDS-1] hw state readout: enabled
Aug 31 22:50:24 minifree kernel: [    1.265035] [drm:intel_modeset_readout_hw_state], [CONNECTOR:15:VGA-1] hw state readout: disabled
Aug 31 22:50:24 minifree kernel: [    1.265039] [drm:intel_modeset_readout_hw_state], [CONNECTOR:17:SVIDEO-1] hw state readout: disabled
Aug 31 22:50:24 minifree kernel: [    1.265044] [drm:intel_dump_pipe_config], [CRTC:3][setup_hw_state] config for pipe A
Aug 31 22:50:24 minifree kernel: [    1.265047] [drm:intel_dump_pipe_config], cpu_transcoder: A
Aug 31 22:50:24 minifree kernel: [    1.265050] [drm:intel_dump_pipe_config], pipe bpp: 0, dithering: 0
Aug 31 22:50:24 minifree kernel: [    1.265053] [drm:intel_dump_pipe_config], fdi/pch: 0, lanes: 0, gmch_m: 0, gmch_n: 0, link_m: 0, link_n: 0, tu: 0
Aug 31 22:50:24 minifree kernel: [    1.265057] [drm:intel_dump_pipe_config], dp: 0, gmch_m: 0, gmch_n: 0, link_m: 0, link_n: 0, tu: 0
Aug 31 22:50:24 minifree kernel: [    1.265060] [drm:intel_dump_pipe_config], requested mode:
Aug 31 22:50:24 minifree kernel: [    1.265063] [drm:drm_mode_debug_printmodeline], Modeline 0:"" 0 0 0 0 0 0 0 0 0 0 0x0 0x0
Aug 31 22:50:24 minifree kernel: [    1.265067] [drm:intel_dump_pipe_config], adjusted mode:
Aug 31 22:50:24 minifree kernel: [    1.265070] [drm:drm_mode_debug_printmodeline], Modeline 0:"" 0 0 0 0 0 0 0 0 0 0 0x0 0x0
Aug 31 22:50:24 minifree kernel: [    1.265074] [drm:intel_dump_crtc_timings], crtc timings: 0 0 0 0 0 0 0 0 0, type: 0x0 flags: 0x0
Aug 31 22:50:24 minifree kernel: [    1.265078] [drm:intel_dump_pipe_config], port clock: 0
Aug 31 22:50:24 minifree kernel: [    1.265081] [drm:intel_dump_pipe_config], pipe src size: 0x0
Aug 31 22:50:24 minifree kernel: [    1.265084] [drm:intel_dump_pipe_config], gmch pfit: control: 0x00000000, ratios: 0x00000000, lvds border: 0x00000000
Aug 31 22:50:24 minifree kernel: [    1.265087] [drm:intel_dump_pipe_config], pch pfit: pos: 0x00000000, size: 0x00000000, disabled
Aug 31 22:50:24 minifree kernel: [    1.265090] [drm:intel_dump_pipe_config], ips: 0
Aug 31 22:50:24 minifree kernel: [    1.265093] [drm:intel_dump_pipe_config], double wide: 0
Aug 31 22:50:24 minifree kernel: [    1.265097] [drm:intel_dump_pipe_config], [CRTC:4][setup_hw_state] config for pipe B
Aug 31 22:50:24 minifree kernel: [    1.265100] [drm:intel_dump_pipe_config], cpu_transcoder: B
Aug 31 22:50:24 minifree kernel: [    1.265102] [drm:intel_dump_pipe_config], pipe bpp: 0, dithering: 0
Aug 31 22:50:24 minifree kernel: [    1.265105] [drm:intel_dump_pipe_config], fdi/pch: 0, lanes: 0, gmch_m: 0, gmch_n: 0, link_m: 0, link_n: 0, tu: 0
Aug 31 22:50:24 minifree kernel: [    1.265109] [drm:intel_dump_pipe_config], dp: 0, gmch_m: 0, gmch_n: 0, link_m: 0, link_n: 0, tu: 0
Aug 31 22:50:24 minifree kernel: [    1.265112] [drm:intel_dump_pipe_config], requested mode:
Aug 31 22:50:24 minifree kernel: [    1.265115] [drm:drm_mode_debug_printmodeline], Modeline 0:"" 0 0 640 0 0 0 400 0 0 0 0x0 0x0
Aug 31 22:50:24 minifree kernel: [    1.265119] [drm:intel_dump_pipe_config], adjusted mode:
Aug 31 22:50:24 minifree kernel: [    1.265122] [drm:drm_mode_debug_printmodeline], Modeline 0:"" 0 0 0 0 0 0 0 0 0 0 0x0 0xa
Aug 31 22:50:24 minifree kernel: [    1.265126] [drm:intel_dump_crtc_timings], crtc timings: 45982 1024 1048 1184 1344 768 779 1 806, type: 0x0 flags: 0xa
Aug 31 22:50:24 minifree kernel: [    1.265130] [drm:intel_dump_pipe_config], port clock: 45982
Aug 31 22:50:24 minifree kernel: [    1.265133] [drm:intel_dump_pipe_config], pipe src size: 640x400
Aug 31 22:50:24 minifree kernel: [    1.265136] [drm:intel_dump_pipe_config], gmch pfit: control: 0x80000220, ratios: 0x00000000, lvds border: 0x00000000
Aug 31 22:50:24 minifree kernel: [    1.265139] [drm:intel_dump_pipe_config], pch pfit: pos: 0x00000000, size: 0x00000000, disabled
Aug 31 22:50:24 minifree kernel: [    1.265142] [drm:intel_dump_pipe_config], ips: 0
Aug 31 22:50:24 minifree kernel: [    1.265145] [drm:intel_dump_pipe_config], double wide: 0
Aug 31 22:50:24 minifree kernel: [    1.265149] [drm:intel_connector_check_state], [CONNECTOR:5:LVDS-1]
Aug 31 22:50:24 minifree kernel: [    1.265153] [drm:check_encoder_state], [ENCODER:6:LVDS-6]
Aug 31 22:50:24 minifree kernel: [    1.265157] [drm:check_encoder_state], [ENCODER:16:DAC-16]
Aug 31 22:50:24 minifree kernel: [    1.265160] [drm:check_encoder_state], [ENCODER:18:TV-18]
Aug 31 22:50:24 minifree kernel: [    1.265163] [drm:check_crtc_state], [CRTC:3]
Aug 31 22:50:24 minifree kernel: [    1.265166] [drm:check_crtc_state], [CRTC:4]
Aug 31 22:50:24 minifree kernel: [    1.265183] [drm:drm_helper_probe_single_connector_modes], [CONNECTOR:5:LVDS-1]
Aug 31 22:50:24 minifree kernel: [    1.265187] [drm:intel_lvds_detect], [CONNECTOR:5:LVDS-1]
Aug 31 22:50:24 minifree kernel: [    1.265204] [drm:drm_helper_probe_single_connector_modes], [CONNECTOR:5:LVDS-1] probed modes :
Aug 31 22:50:24 minifree kernel: [    1.265208] [drm:drm_mode_debug_printmodeline], Modeline 8:"1024x768" 50 54160 1024 1048 1184 1344 768 771 777 806 0x48 0xa
Aug 31 22:50:24 minifree kernel: [    1.265213] [drm:drm_mode_debug_printmodeline], Modeline 12:"1024x768" 60 65000 1024 1048 1184 1344 768 771 777 806 0x40 0xa
Aug 31 22:50:24 minifree kernel: [    1.265218] [drm:drm_mode_debug_printmodeline], Modeline 9:"1024x768" 40 43330 1024 1048 1184 1344 768 771 777 806 0x40 0xa
Aug 31 22:50:24 minifree kernel: [    1.265222] [drm:drm_mode_debug_printmodeline], Modeline 10:"800x600" 60 40000 800 840 968 1056 600 601 605 628 0x40 0x5
Aug 31 22:50:24 minifree kernel: [    1.265227] [drm:drm_mode_debug_printmodeline], Modeline 11:"640x480" 60 25200 640 656 752 800 480 490 492 525 0x40 0xa
Aug 31 22:50:24 minifree kernel: [    1.265232] [drm:drm_helper_probe_single_connector_modes], [CONNECTOR:15:VGA-1]
Aug 31 22:50:24 minifree kernel: [    1.265235] [drm:intel_crt_detect], [CONNECTOR:15:VGA-1] force=1
Aug 31 22:50:24 minifree kernel: [    1.280167] [drm:intel_crt_detect], CRT not detected via hotplug
Aug 31 22:50:24 minifree kernel: [    1.284121] [drm:gmbus_xfer], GMBUS [i915 gmbus vga] NAK for addr: 0050 r(1)
Aug 31 22:50:24 minifree kernel: [    1.284128] [drm:drm_do_probe_ddc_edid], drm: skipping non-existent adapter i915 gmbus vga
Aug 31 22:50:24 minifree kernel: [    1.284131] [drm:intel_crt_get_edid], CRT GMBUS EDID read failed, retry using GPIO bit-banging
Aug 31 22:50:24 minifree kernel: [    1.284134] [drm:intel_gmbus_force_bit], enabling bit-banging on i915 gmbus vga. force bit now 1
Aug 31 22:50:24 minifree kernel: [    1.284413] [drm:drm_do_probe_ddc_edid], drm: skipping non-existent adapter i915 gmbus vga
Aug 31 22:50:24 minifree kernel: [    1.284416] [drm:intel_gmbus_force_bit], disabling bit-banging on i915 gmbus vga. force bit now 0
Aug 31 22:50:24 minifree kernel: [    1.284419] [drm:intel_crt_detect_ddc], CRT not detected via DDC:0x50 [no valid EDID found]
Aug 31 22:50:24 minifree kernel: [    1.284423] [drm:drm_helper_probe_single_connector_modes], [CONNECTOR:15:VGA-1] disconnected
Aug 31 22:50:24 minifree kernel: [    1.284429] [drm:drm_helper_probe_single_connector_modes], [CONNECTOR:17:SVIDEO-1]
Aug 31 22:50:24 minifree kernel: [    1.284432] [drm:intel_tv_detect], [CONNECTOR:17:SVIDEO-1] force=1
Aug 31 22:50:24 minifree kernel: [    1.284437] [drm:intel_get_load_detect_pipe], [CONNECTOR:17:SVIDEO-1], [ENCODER:18:TV-18]
Aug 31 22:50:24 minifree kernel: [    1.284441] [drm:intel_get_load_detect_pipe], creating tmp fb for load-detection
Aug 31 22:50:24 minifree kernel: [    1.284454] [drm:intel_modeset_affected_pipes], set mode pipe masks: modeset: 1, prepare: 1, disable: 0
Aug 31 22:50:24 minifree kernel: [    1.284460] [drm:connected_sink_compute_bpp], [CONNECTOR:17:SVIDEO-1] checking for sink bpp constrains
Aug 31 22:50:24 minifree kernel: [    1.284464] [drm:intel_tv_compute_config], forcing bpc to 8 for TV
Aug 31 22:50:24 minifree kernel: [    1.284467] [drm:intel_modeset_pipe_config], plane bpp: 24, pipe bpp: 24, dithering: 0
Aug 31 22:50:24 minifree kernel: [    1.284470] [drm:intel_dump_pipe_config], [CRTC:3][modeset] config for pipe A
Aug 31 22:50:24 minifree kernel: [    1.284473] [drm:intel_dump_pipe_config], cpu_transcoder: A
Aug 31 22:50:24 minifree kernel: [    1.284476] [drm:intel_dump_pipe_config], pipe bpp: 24, dithering: 0
Aug 31 22:50:24 minifree kernel: [    1.284479] [drm:intel_dump_pipe_config], fdi/pch: 0, lanes: 0, gmch_m: 0, gmch_n: 0, link_m: 0, link_n: 0, tu: 0
Aug 31 22:50:24 minifree kernel: [    1.284483] [drm:intel_dump_pipe_config], dp: 0, gmch_m: 0, gmch_n: 0, link_m: 0, link_n: 0, tu: 0
Aug 31 22:50:24 minifree kernel: [    1.284486] [drm:intel_dump_pipe_config], requested mode:
Aug 31 22:50:24 minifree kernel: [    1.284488] [drm:drm_mode_debug_printmodeline], Modeline 0:"NTSC 480i" 0 107520 1280 1368 1496 1712 1024 1027 1034 1104 0x40 0x0
Aug 31 22:50:24 minifree kernel: [    1.284493] [drm:intel_dump_pipe_config], adjusted mode:
Aug 31 22:50:24 minifree kernel: [    1.284496] [drm:drm_mode_debug_printmodeline], Modeline 0:"NTSC 480i" 0 107520 1280 1368 1496 1712 1024 1027 1034 1104 0x40 0x0
Aug 31 22:50:24 minifree kernel: [    1.284501] [drm:intel_dump_crtc_timings], crtc timings: 108000 1280 1368 1496 1712 1024 1027 1034 1104, type: 0x40 flags: 0x0
Aug 31 22:50:24 minifree kernel: [    1.284505] [drm:intel_dump_pipe_config], port clock: 108000
Aug 31 22:50:24 minifree kernel: [    1.284508] [drm:intel_dump_pipe_config], pipe src size: 1280x1024
Aug 31 22:50:24 minifree kernel: [    1.284511] [drm:intel_dump_pipe_config], gmch pfit: control: 0x00000000, ratios: 0x00000000, lvds border: 0x00000000
Aug 31 22:50:24 minifree kernel: [    1.284514] [drm:intel_dump_pipe_config], pch pfit: pos: 0x00000000, size: 0x00000000, disabled
Aug 31 22:50:24 minifree kernel: [    1.284517] [drm:intel_dump_pipe_config], ips: 0
Aug 31 22:50:24 minifree kernel: [    1.284520] [drm:intel_dump_pipe_config], double wide: 0
Aug 31 22:50:24 minifree kernel: [    1.292029] [drm:i9xx_update_plane], Writing base 00020000 00000000 0 0 5120
Aug 31 22:50:24 minifree kernel: [    1.292040] [drm:intel_crtc_mode_set], [ENCODER:18:TV-18] set [MODE:0:NTSC 480i]
Aug 31 22:50:24 minifree kernel: [    1.297668] [drm:i9xx_get_fifo_size], FIFO size - (0x00001d9c) A: 28
Aug 31 22:50:24 minifree kernel: [    1.297673] [drm:i9xx_get_fifo_size], FIFO size - (0x00001d9c) B: 31
Aug 31 22:50:24 minifree kernel: [    1.297676] [drm:intel_calculate_wm], FIFO entries required for mode: 34
Aug 31 22:50:24 minifree kernel: [    1.297679] [drm:intel_calculate_wm], FIFO watermark level: -5
Aug 31 22:50:24 minifree kernel: [    1.297681] [drm:i9xx_update_wm], FIFO watermarks - A: 26, B: 1
Aug 31 22:50:24 minifree kernel: [    1.297685] [drm:i9xx_update_wm], self-refresh entries: 80
Aug 31 22:50:24 minifree kernel: [    1.297687] [drm:i9xx_update_wm], Setting FIFO watermarks - A: 26, B: 1, C: 2, SR 47
Aug 31 22:50:24 minifree kernel: [    1.297691] [drm:i9xx_update_wm], memory self refresh enabled
Aug 31 22:50:24 minifree kernel: [    1.320114] [drm:intel_connector_check_state], [CONNECTOR:5:LVDS-1]
Aug 31 22:50:24 minifree kernel: [    1.320123] [drm:intel_connector_check_state], [CONNECTOR:17:SVIDEO-1]
Aug 31 22:50:24 minifree kernel: [    1.320128] [drm:check_encoder_state], [ENCODER:6:LVDS-6]
Aug 31 22:50:24 minifree kernel: [    1.320133] [drm:check_encoder_state], [ENCODER:16:DAC-16]
Aug 31 22:50:24 minifree kernel: [    1.320138] [drm:check_encoder_state], [ENCODER:18:TV-18]
Aug 31 22:50:24 minifree kernel: [    1.320142] [drm:check_crtc_state], [CRTC:3]
Aug 31 22:50:24 minifree kernel: [    1.320155] [drm:check_crtc_state], [CRTC:4]
Aug 31 22:50:24 minifree kernel: [    1.360100] [drm:intel_tv_detect_type], TV detected: c0007, 7f0000aa
Aug 31 22:50:24 minifree kernel: [    1.360106] [drm:intel_tv_detect_type], Unrecognised TV connection
Aug 31 22:50:24 minifree kernel: [    1.376107] [drm:intel_release_load_detect_pipe], [CONNECTOR:17:SVIDEO-1], [ENCODER:18:TV-18]
Aug 31 22:50:24 minifree kernel: [    1.376114] [drm:intel_modeset_affected_pipes], set mode pipe masks: modeset: 0, prepare: 0, disable: 1
Aug 31 22:50:24 minifree kernel: [    1.421067] [drm:i9xx_get_fifo_size], FIFO size - (0x00001d9c) A: 28
Aug 31 22:50:24 minifree kernel: [    1.421071] [drm:i9xx_get_fifo_size], FIFO size - (0x00001d9c) B: 31
Aug 31 22:50:24 minifree kernel: [    1.421074] [drm:i9xx_update_wm], FIFO watermarks - A: 26, B: 29
Aug 31 22:50:24 minifree kernel: [    1.421077] [drm:i9xx_update_wm], Setting FIFO watermarks - A: 26, B: 29, C: 2, SR 1
Aug 31 22:50:24 minifree kernel: [    1.421080] [drm:i9xx_update_wm], memory self refresh disabled
Aug 31 22:50:24 minifree kernel: [    1.421087] [drm:intel_connector_check_state], [CONNECTOR:5:LVDS-1]
Aug 31 22:50:24 minifree kernel: [    1.421091] [drm:check_encoder_state], [ENCODER:6:LVDS-6]
Aug 31 22:50:24 minifree kernel: [    1.421094] [drm:check_encoder_state], [ENCODER:16:DAC-16]
Aug 31 22:50:24 minifree kernel: [    1.421098] [drm:check_encoder_state], [ENCODER:18:TV-18]
Aug 31 22:50:24 minifree kernel: [    1.421101] [drm:check_crtc_state], [CRTC:3]
Aug 31 22:50:24 minifree kernel: [    1.421104] [drm:check_crtc_state], [CRTC:4]
Aug 31 22:50:24 minifree kernel: [    1.421246] [drm:drm_helper_probe_single_connector_modes], [CONNECTOR:17:SVIDEO-1] disconnected
Aug 31 22:50:24 minifree kernel: [    1.421251] [drm:drm_setup_crtcs], 
Aug 31 22:50:24 minifree kernel: [    1.421254] [drm:drm_enable_connectors], connector 5 enabled? yes
Aug 31 22:50:24 minifree kernel: [    1.421257] [drm:drm_enable_connectors], connector 15 enabled? no
Aug 31 22:50:24 minifree kernel: [    1.421260] [drm:drm_enable_connectors], connector 17 enabled? no
Aug 31 22:50:24 minifree kernel: [    1.421263] [drm:drm_target_preferred], looking for cmdline mode on connector 5
Aug 31 22:50:24 minifree kernel: [    1.421266] [drm:drm_target_preferred], looking for preferred mode on connector 5
Aug 31 22:50:24 minifree kernel: [    1.421268] [drm:drm_target_preferred], found mode 1024x768
Aug 31 22:50:24 minifree kernel: [    1.421271] [drm:drm_setup_crtcs], picking CRTCs for 4096x4096 config
Aug 31 22:50:24 minifree kernel: [    1.421275] [drm:drm_setup_crtcs], desired mode 1024x768 set on crtc 4
Aug 31 22:50:24 minifree kernel: [    1.421281] [drm:i915_gem_object_create_stolen], creating stolen object: size=300000
Aug 31 22:50:24 minifree kernel: [    1.421285] [drm:i915_pages_create_for_stolen], offset=0x20000, size=3145728
Aug 31 22:50:24 minifree kernel: [    1.422732] [drm:intelfb_create], allocated 1024x768 fb: 0x00020000, bo ffff880035eaa300
Aug 31 22:50:24 minifree kernel: [    1.422872] fbcon: inteldrmfb (fb0) is primary device
Aug 31 22:50:24 minifree kernel: [    1.423535] [drm:intel_crtc_set_config], [CRTC:3] [NOFB]
Aug 31 22:50:24 minifree kernel: [    1.423538] [drm:intel_set_config_compute_mode_changes], computed changes for [CRTC:3], mode_changed=0, fb_changed=0
Aug 31 22:50:24 minifree kernel: [    1.423541] [drm:intel_modeset_stage_output_state], [CONNECTOR:5:LVDS-1] to [CRTC:4]
Aug 31 22:50:24 minifree kernel: [    1.423544] [drm:intel_crtc_set_config], [CRTC:4] [FB:33] #connectors=1 (x y) (0 0)
Aug 31 22:50:24 minifree kernel: [    1.423546] [drm:intel_set_config_compute_mode_changes], inactive crtc, full mode set
Aug 31 22:50:24 minifree kernel: [    1.423548] [drm:intel_set_config_compute_mode_changes], modes are different, full mode set
Aug 31 22:50:24 minifree kernel: [    1.423552] [drm:drm_mode_debug_printmodeline], Modeline 0:"" 0 0 0 0 0 0 0 0 0 0 0x0 0x0
Aug 31 22:50:24 minifree kernel: [    1.423556] [drm:drm_mode_debug_printmodeline], Modeline 32:"1024x768" 50 54160 1024 1048 1184 1344 768 771 777 806 0x48 0xa
Aug 31 22:50:24 minifree kernel: [    1.423558] [drm:intel_set_config_compute_mode_changes], computed changes for [CRTC:4], mode_changed=1, fb_changed=0
Aug 31 22:50:24 minifree kernel: [    1.423560] [drm:intel_modeset_stage_output_state], [CONNECTOR:5:LVDS-1] to [CRTC:4]
Aug 31 22:50:24 minifree kernel: [    1.423563] [drm:intel_modeset_affected_pipes], set mode pipe masks: modeset: 2, prepare: 2, disable: 0
Aug 31 22:50:24 minifree kernel: [    1.423566] [drm:connected_sink_compute_bpp], [CONNECTOR:5:LVDS-1] checking for sink bpp constrains
Aug 31 22:50:24 minifree kernel: [    1.423570] [drm:intel_lvds_compute_config], forcing display bpp (was 24) to LVDS (18)
Aug 31 22:50:24 minifree kernel: [    1.423573] [drm:intel_modeset_pipe_config], plane bpp: 24, pipe bpp: 18, dithering: 1
Aug 31 22:50:24 minifree kernel: [    1.423576] [drm:intel_dump_pipe_config], [CRTC:4][modeset] config for pipe B
Aug 31 22:50:24 minifree kernel: [    1.423577] [drm:intel_dump_pipe_config], cpu_transcoder: B
Aug 31 22:50:24 minifree kernel: [    1.423579] [drm:intel_dump_pipe_config], pipe bpp: 18, dithering: 1
Aug 31 22:50:24 minifree kernel: [    1.423582] [drm:intel_dump_pipe_config], fdi/pch: 0, lanes: 0, gmch_m: 0, gmch_n: 0, link_m: 0, link_n: 0, tu: 0
Aug 31 22:50:24 minifree kernel: [    1.423584] [drm:intel_dump_pipe_config], dp: 0, gmch_m: 0, gmch_n: 0, link_m: 0, link_n: 0, tu: 0
Aug 31 22:50:24 minifree kernel: [    1.423586] [drm:intel_dump_pipe_config], requested mode:
Aug 31 22:50:24 minifree kernel: [    1.423589] [drm:drm_mode_debug_printmodeline], Modeline 0:"1024x768" 50 54160 1024 1048 1184 1344 768 771 777 806 0x48 0xa
Aug 31 22:50:24 minifree kernel: [    1.423591] [drm:intel_dump_pipe_config], adjusted mode:
Aug 31 22:50:24 minifree kernel: [    1.423595] [drm:drm_mode_debug_printmodeline], Modeline 0:"1024x768" 50 54160 1024 1048 1184 1344 768 771 777 806 0x48 0xa
Aug 31 22:50:24 minifree kernel: [    1.423598] [drm:intel_dump_crtc_timings], crtc timings: 54160 1024 1048 1184 1344 768 771 777 806, type: 0x48 flags: 0xa
Aug 31 22:50:24 minifree kernel: [    1.423600] [drm:intel_dump_pipe_config], port clock: 54160
Aug 31 22:50:24 minifree kernel: [    1.423602] [drm:intel_dump_pipe_config], pipe src size: 1024x768
Aug 31 22:50:24 minifree kernel: [    1.423604] [drm:intel_dump_pipe_config], gmch pfit: control: 0x00000008, ratios: 0x00000000, lvds border: 0x00000000
Aug 31 22:50:24 minifree kernel: [    1.423607] [drm:intel_dump_pipe_config], pch pfit: pos: 0x00000000, size: 0x00000000, disabled
Aug 31 22:50:24 minifree kernel: [    1.423608] [drm:intel_dump_pipe_config], ips: 0
Aug 31 22:50:24 minifree kernel: [    1.423610] [drm:intel_dump_pipe_config], double wide: 0
Aug 31 22:50:24 minifree kernel: [    1.423613] [drm:intel_panel_actually_set_backlight], set backlight PWM = 0
Aug 31 22:50:24 minifree kernel: [    1.457065] [drm:i9xx_pfit_disable], disabling pfit, current: 0x80000220
Aug 31 22:50:24 minifree kernel: [    1.457069] [drm:i9xx_get_fifo_size], FIFO size - (0x00001d9c) A: 28
Aug 31 22:50:24 minifree kernel: [    1.457071] [drm:i9xx_get_fifo_size], FIFO size - (0x00001d9c) B: 31
Aug 31 22:50:24 minifree kernel: [    1.457073] [drm:i9xx_update_wm], FIFO watermarks - A: 26, B: 29
Aug 31 22:50:24 minifree kernel: [    1.457076] [drm:i9xx_update_wm], Setting FIFO watermarks - A: 26, B: 29, C: 2, SR 1
Aug 31 22:50:24 minifree kernel: [    1.457077] [drm:i9xx_update_wm], memory self refresh disabled
Aug 31 22:50:24 minifree kernel: [    1.457082] [drm:i9xx_get_refclk], using SSC reference clock of 100 MHz
Aug 31 22:50:24 minifree kernel: [    1.457252] [drm:i9xx_update_plane], Writing base 00020000 00000000 0 0 4096
Aug 31 22:50:24 minifree kernel: [    1.457256] [drm:intel_crtc_mode_set], [ENCODER:6:LVDS-6] set [MODE:0:1024x768]
Aug 31 22:50:24 minifree kernel: [    1.457893] [drm:i9xx_get_fifo_size], FIFO size - (0x00001d9c) A: 28
Aug 31 22:50:24 minifree kernel: [    1.457895] [drm:intel_calculate_wm], FIFO entries required for mode: 17
Aug 31 22:50:24 minifree kernel: [    1.457896] [drm:intel_calculate_wm], FIFO watermark level: 9
Aug 31 22:50:24 minifree kernel: [    1.457898] [drm:i9xx_get_fifo_size], FIFO size - (0x00001d9c) B: 31
Aug 31 22:50:24 minifree kernel: [    1.457900] [drm:i9xx_update_wm], FIFO watermarks - A: 9, B: 29
Aug 31 22:50:24 minifree kernel: [    1.457902] [drm:i9xx_update_wm], self-refresh entries: 64
Aug 31 22:50:24 minifree kernel: [    1.457905] [drm:i9xx_update_wm], Setting FIFO watermarks - A: 9, B: 29, C: 2, SR 63
Aug 31 22:50:24 minifree kernel: [    1.457906] [drm:i9xx_update_wm], memory self refresh enabled
Aug 31 22:50:24 minifree kernel: [    1.650555] psmouse serio1: alps: Unknown ALPS touchpad: E7=10 00 64, EC=10 00 64
Aug 31 22:50:24 minifree kernel: [    1.748270] firewire_core 0000:05:00.1: created device fw0: GUID 0000000000000000, S400
Aug 31 22:50:24 minifree kernel: [    1.800110] [drm:intel_panel_enable_backlight], pipe B
Aug 31 22:50:24 minifree kernel: [    1.800114] [drm:intel_panel_actually_set_backlight], set backlight PWM = 24832
Aug 31 22:50:24 minifree kernel: [    1.800120] [drm:intel_connector_check_state], [CONNECTOR:5:LVDS-1]
Aug 31 22:50:24 minifree kernel: [    1.800125] [drm:check_encoder_state], [ENCODER:6:LVDS-6]
Aug 31 22:50:24 minifree kernel: [    1.800129] [drm:check_encoder_state], [ENCODER:16:DAC-16]
Aug 31 22:50:24 minifree kernel: [    1.800133] [drm:check_encoder_state], [ENCODER:18:TV-18]
Aug 31 22:50:24 minifree kernel: [    1.800136] [drm:check_crtc_state], [CRTC:3]
Aug 31 22:50:24 minifree kernel: [    1.800139] [drm:check_crtc_state], [CRTC:4]
Aug 31 22:50:24 minifree kernel: [    1.800178] [drm:intel_crtc_set_config], [CRTC:4] [FB:33] #connectors=1 (x y) (0 0)
Aug 31 22:50:24 minifree kernel: [    1.800182] [drm:intel_set_config_compute_mode_changes], computed changes for [CRTC:4], mode_changed=0, fb_changed=0
Aug 31 22:50:24 minifree kernel: [    1.800186] [drm:intel_modeset_stage_output_state], [CONNECTOR:5:LVDS-1] to [CRTC:4]
Aug 31 22:50:24 minifree kernel: [    1.803473] Console: switching to colour frame buffer device 128x48
Aug 31 22:50:24 minifree kernel: [    1.803478] [drm:intel_crtc_set_config], [CRTC:4] [FB:33] #connectors=1 (x y) (0 0)
Aug 31 22:50:24 minifree kernel: [    1.803481] [drm:intel_set_config_compute_mode_changes], computed changes for [CRTC:4], mode_changed=0, fb_changed=0
Aug 31 22:50:24 minifree kernel: [    1.803483] [drm:intel_modeset_stage_output_state], [CONNECTOR:5:LVDS-1] to [CRTC:4]
Aug 31 22:50:24 minifree kernel: [    1.806832] i915 0000:00:02.0: fb0: inteldrmfb frame buffer device
Aug 31 22:50:24 minifree kernel: [    1.806835] i915 0000:00:02.0: registered panic notifier
Aug 31 22:50:24 minifree kernel: [    1.806859] [drm] Initialized i915 1.6.0 20080730 for 0000:00:02.0 on minor 0
Aug 31 22:50:24 minifree kernel: [    1.806909] ahci 0000:00:1f.2: version 3.0
Aug 31 22:50:24 minifree kernel: [    1.807136] ahci 0000:00:1f.2: irq 45 for MSI/MSI-X
Aug 31 22:50:24 minifree kernel: [    1.807190] ahci 0000:00:1f.2: SSS flag set, parallel bus scan disabled
Aug 31 22:50:24 minifree kernel: [    1.807222] ahci 0000:00:1f.2: AHCI 0001.0100 32 slots 4 ports 1.5 Gbps 0x1 impl SATA mode
Aug 31 22:50:24 minifree kernel: [    1.807228] ahci 0000:00:1f.2: flags: 64bit ncq ilck stag pm led clo pmp pio slum part 
Aug 31 22:50:24 minifree kernel: [    1.808040] scsi2 : ahci
Aug 31 22:50:24 minifree kernel: [    1.808204] scsi3 : ahci
Aug 31 22:50:24 minifree kernel: [    1.808350] scsi4 : ahci
Aug 31 22:50:24 minifree kernel: [    1.808499] scsi5 : ahci
Aug 31 22:50:24 minifree kernel: [    1.808567] ata3: SATA max UDMA/133 abar m1024@0xe4344400 port 0xe4344500 irq 45
Aug 31 22:50:24 minifree kernel: [    1.808570] ata4: DUMMY
Aug 31 22:50:24 minifree kernel: [    1.808572] ata5: DUMMY
Aug 31 22:50:24 minifree kernel: [    1.808574] ata6: DUMMY
Aug 31 22:50:24 minifree kernel: [    2.014396] psmouse serio1: trackpoint: IBM TrackPoint firmware: 0x0e, buttons: 3/3
Aug 31 22:50:24 minifree kernel: [    2.033367] input: TPPS/2 IBM TrackPoint as /devices/platform/i8042/serio1/input/input6
Aug 31 22:50:24 minifree kernel: [    2.304119] ata3: SATA link up 1.5 Gbps (SStatus 113 SControl 300)
Aug 31 22:50:24 minifree kernel: [    2.305312] ata3.00: ATA-8: HITACHI HTS722010K9SA00, DC2ZC75A, max UDMA/133
Aug 31 22:50:24 minifree kernel: [    2.305317] ata3.00: 195371568 sectors, multi 0: LBA48 NCQ (depth 31/32), AA
Aug 31 22:50:24 minifree kernel: [    2.306684] ata3.00: configured for UDMA/133
Aug 31 22:50:24 minifree kernel: [    2.306893] scsi 2:0:0:0: Direct-Access     ATA      HITACHI HTS72201 DC2Z PQ: 0 ANSI: 5
Aug 31 22:50:24 minifree kernel: [    2.307119] sd 2:0:0:0: Attached scsi generic sg0 type 0
Aug 31 22:50:24 minifree kernel: [    2.307251] sd 2:0:0:0: [sda] 195371568 512-byte logical blocks: (100 GB/93.1 GiB)
Aug 31 22:50:24 minifree kernel: [    2.307395] sd 2:0:0:0: [sda] Write Protect is off
Aug 31 22:50:24 minifree kernel: [    2.307400] sd 2:0:0:0: [sda] Mode Sense: 00 3a 00 00
Aug 31 22:50:24 minifree kernel: [    2.307477] sd 2:0:0:0: [sda] Write cache: enabled, read cache: enabled, doesn't support DPO or FUA
Aug 31 22:50:24 minifree kernel: [    2.632829]  sda: sda1
Aug 31 22:50:24 minifree kernel: [    2.633271] sd 2:0:0:0: [sda] Attached SCSI disk
Aug 31 22:50:24 minifree kernel: [    2.784099] [drm:intel_crtc_set_config], [CRTC:4] [FB:33] #connectors=1 (x y) (0 0)
Aug 31 22:50:24 minifree kernel: [    2.784104] [drm:intel_set_config_compute_mode_changes], computed changes for [CRTC:4], mode_changed=0, fb_changed=0
Aug 31 22:50:24 minifree kernel: [    2.784107] [drm:intel_modeset_stage_output_state], [CONNECTOR:5:LVDS-1] to [CRTC:4]
Aug 31 22:50:24 minifree kernel: [    2.908607] [drm:i915_gem_open], 
Aug 31 22:50:24 minifree kernel: [    2.908634] [drm:intel_crtc_cursor_set], cursor off
Aug 31 22:50:24 minifree kernel: [    2.908638] [drm:intel_crtc_set_config], [CRTC:3] [NOFB]
