# dmidecode 2.12
SMBIOS 2.4 present.
68 structures occupying 2464 bytes.
Table at 0x000E0010.

Handle 0x0000, DMI type 0, 24 bytes
BIOS Information
	Vendor: LENOVO
	Version: 6DET65WW (3.15 )
	Release Date: 08/24/2010
	Address: 0xE0000
	Runtime Size: 128 kB
	ROM Size: 8192 kB
	Characteristics:
		PCI is supported
		PC Card (PCMCIA) is supported
		PNP is supported
		BIOS is upgradeable
		BIOS shadowing is allowed
		ESCD support is available
		Boot from CD is supported
		Selectable boot is supported
		BIOS ROM is socketed
		EDD is supported
		ACPI is supported
		USB legacy is supported
		BIOS boot specification is supported
		Targeted content distribution is supported
	BIOS Revision: 3.21
	Firmware Revision: 1.6

Handle 0x0001, DMI type 1, 27 bytes
System Information
	Manufacturer: LENOVO
	Product Name: 7459GW4
	Version: ThinkPad X200
	Serial Number: L3AAR0B
	UUID: 93861E01-4A15-11CB-8F2C-D4BC407E0839
	Wake-up Type: Power Switch
	SKU Number: Not Specified
	Family: ThinkPad X200

Handle 0x0002, DMI type 2, 8 bytes
Base Board Information
	Manufacturer: LENOVO
	Product Name: 7459GW4
	Version: Not Available
	Serial Number: 1ZFDS89N4DD

Handle 0x0003, DMI type 3, 13 bytes
Chassis Information
	Manufacturer: LENOVO
	Type: Notebook
	Lock: Not Present
	Version: Not Available
	Serial Number: Not Available
	Asset Tag: 1S7459GW4L3AAR0B
	Boot-up State: Unknown
	Power Supply State: Unknown
	Thermal State: Unknown
	Security Status: Unknown

Handle 0x0004, DMI type 126, 13 bytes
Inactive

Handle 0x0005, DMI type 126, 13 bytes
Inactive

Handle 0x0006, DMI type 4, 35 bytes
Processor Information
	Socket Designation: None
	Type: Central Processor
	Family: Other
	Manufacturer: GenuineIntel
	ID: 76 06 01 00 FF FB EB BF
	Signature: Type 0, Family 6, Model 23, Stepping 6
	Flags:
		FPU (Floating-point unit on-chip)
		VME (Virtual mode extension)
		DE (Debugging extension)
		PSE (Page size extension)
		TSC (Time stamp counter)
		MSR (Model specific registers)
		PAE (Physical address extension)
		MCE (Machine check exception)
		CX8 (CMPXCHG8 instruction supported)
		APIC (On-chip APIC hardware supported)
		SEP (Fast system call)
		MTRR (Memory type range registers)
		PGE (Page global enable)
		MCA (Machine check architecture)
		CMOV (Conditional move instruction supported)
		PAT (Page attribute table)
		PSE-36 (36-bit page size extension)
		CLFSH (CLFLUSH instruction supported)
		DS (Debug store)
		ACPI (ACPI supported)
		MMX (MMX technology supported)
		FXSR (FXSAVE and FXSTOR instructions supported)
		SSE (Streaming SIMD extensions)
		SSE2 (Streaming SIMD extensions 2)
		SS (Self-snoop)
		HTT (Multi-threading)
		TM (Thermal monitor supported)
		PBE (Pending break enabled)
	Version: Intel(R) Core(TM)2 Duo CPU     P8600  @ 2.40GHz
	Voltage: 1.2 V
	External Clock: 266 MHz
	Max Speed: 2400 MHz
	Current Speed: 2400 MHz
	Status: Populated, Enabled
	Upgrade: None
	L1 Cache Handle: 0x000A
	L2 Cache Handle: 0x000C
	L3 Cache Handle: Not Provided
	Serial Number: Not Specified
	Asset Tag: Not Specified
	Part Number: Not Specified

Handle 0x0007, DMI type 5, 20 bytes
Memory Controller Information
	Error Detecting Method: None
	Error Correcting Capabilities:
		None
	Supported Interleave: One-way Interleave
	Current Interleave: One-way Interleave
	Maximum Memory Module Size: 4096 MB
	Maximum Total Memory Size: 8192 MB
	Supported Speeds:
		Other
	Supported Memory Types:
		DIMM
		SDRAM
	Memory Module Voltage: 2.9 V
	Associated Memory Slots: 2
		0x0008
		0x0009
	Enabled Error Correcting Capabilities:
		Unknown

Handle 0x0008, DMI type 6, 12 bytes
Memory Module Information
	Socket Designation: DIMM Slot 1
	Bank Connections: 0 1
	Current Speed: 42 ns
	Type: DIMM SDRAM
	Installed Size: 2048 MB (Double-bank Connection)
	Enabled Size: 2048 MB (Double-bank Connection)
	Error Status: OK

Handle 0x0009, DMI type 6, 12 bytes
Memory Module Information
	Socket Designation: DIMM Slot 2
	Bank Connections: 2 3
	Current Speed: 42 ns
	Type: DIMM SDRAM
	Installed Size: Not Installed
	Enabled Size: Not Installed
	Error Status: OK

Handle 0x000A, DMI type 7, 19 bytes
Cache Information
	Socket Designation: Internal L1 Cache
	Configuration: Enabled, Socketed, Level 1
	Operational Mode: Write Back
	Location: Internal
	Installed Size: 64 kB
	Maximum Size: 64 kB
	Supported SRAM Types:
		Synchronous
	Installed SRAM Type: Synchronous
	Speed: Unknown
	Error Correction Type: Single-bit ECC
	System Type: Instruction
	Associativity: 8-way Set-associative

Handle 0x000B, DMI type 7, 19 bytes
Cache Information
	Socket Designation: Internal L1 Cache
	Configuration: Enabled, Socketed, Level 1
	Operational Mode: Write Back
	Location: Internal
	Installed Size: 64 kB
	Maximum Size: 64 kB
	Supported SRAM Types:
		Synchronous
	Installed SRAM Type: Synchronous
	Speed: Unknown
	Error Correction Type: Single-bit ECC
	System Type: Data
	Associativity: 8-way Set-associative

Handle 0x000C, DMI type 7, 19 bytes
Cache Information
	Socket Designation: Internal L2 Cache
	Configuration: Enabled, Socketed, Level 2
	Operational Mode: Write Back
	Location: Internal
	Installed Size: 3072 kB
	Maximum Size: 3072 kB
	Supported SRAM Types:
		Burst
	Installed SRAM Type: Burst
	Speed: Unknown
	Error Correction Type: Single-bit ECC
	System Type: Unified
	Associativity: 8-way Set-associative

Handle 0x000D, DMI type 8, 9 bytes
Port Connector Information
	Internal Reference Designator: Not Available
	Internal Connector Type: None
	External Reference Designator: External Monitor
	External Connector Type: DB-15 female
	Port Type: Video Port

Handle 0x000E, DMI type 8, 9 bytes
Port Connector Information
	Internal Reference Designator: Not Available
	Internal Connector Type: None
	External Reference Designator: Microphone Jack
	External Connector Type: Mini Jack (headphones)
	Port Type: Audio Port

Handle 0x000F, DMI type 8, 9 bytes
Port Connector Information
	Internal Reference Designator: Not Available
	Internal Connector Type: None
	External Reference Designator: Headphone Jack
	External Connector Type: Mini Jack (headphones)
	Port Type: Audio Port

Handle 0x0010, DMI type 8, 9 bytes
Port Connector Information
	Internal Reference Designator: Not Available
	Internal Connector Type: None
	External Reference Designator: Modem
	External Connector Type: RJ-11
	Port Type: Modem Port

Handle 0x0011, DMI type 8, 9 bytes
Port Connector Information
	Internal Reference Designator: Not Available
	Internal Connector Type: None
	External Reference Designator: Ethernet
	External Connector Type: RJ-45
	Port Type: Network Port

Handle 0x0012, DMI type 8, 9 bytes
Port Connector Information
	Internal Reference Designator: Not Available
	Internal Connector Type: None
	External Reference Designator: USB 1
	External Connector Type: Access Bus (USB)
	Port Type: USB

Handle 0x0013, DMI type 8, 9 bytes
Port Connector Information
	Internal Reference Designator: Not Available
	Internal Connector Type: None
	External Reference Designator: USB 2
	External Connector Type: Access Bus (USB)
	Port Type: USB

Handle 0x0014, DMI type 8, 9 bytes
Port Connector Information
	Internal Reference Designator: Not Available
	Internal Connector Type: None
	External Reference Designator: USB 3
	External Connector Type: Access Bus (USB)
	Port Type: USB

Handle 0x0015, DMI type 126, 9 bytes
Inactive

Handle 0x0016, DMI type 126, 9 bytes
Inactive

Handle 0x0017, DMI type 126, 9 bytes
Inactive

Handle 0x0018, DMI type 126, 9 bytes
Inactive

Handle 0x0019, DMI type 126, 9 bytes
Inactive

Handle 0x001A, DMI type 126, 9 bytes
Inactive

Handle 0x001B, DMI type 126, 13 bytes
Inactive

Handle 0x001C, DMI type 10, 6 bytes
On Board Device Information
	Type: Other
	Status: Disabled
	Description: IBM Embedded Security hardware

Handle 0x001D, DMI type 11, 5 bytes
OEM Strings
	String 1: IBM ThinkPad Embedded Controller -[7XHT24WW-1.06    ]-

Handle 0x001E, DMI type 13, 22 bytes
BIOS Language Information
	Language Description Format: Abbreviated
	Installable Languages: 1
		enUS
	Currently Installed Language: enUS

Handle 0x001F, DMI type 15, 25 bytes
System Event Log
	Area Length: 0 bytes
	Header Start Offset: 0x0000
	Header Length: 16 bytes
	Data Start Offset: 0x0010
	Access Method: General-purpose non-volatile data functions
	Access Address: 0x0000
	Status: Valid, Not Full
	Change Token: 0x000000FC
	Header Format: Type 1
	Supported Log Type Descriptors: 1
	Descriptor 1: POST error
	Data Format 1: POST results bitmap

Handle 0x0020, DMI type 16, 15 bytes
Physical Memory Array
	Location: System Board Or Motherboard
	Use: System Memory
	Error Correction Type: None
	Maximum Capacity: 4 GB
	Error Information Handle: Not Provided
	Number Of Devices: 2

Handle 0x0021, DMI type 17, 27 bytes
Memory Device
	Array Handle: 0x0020
	Error Information Handle: No Error
	Total Width: 64 bits
	Data Width: 64 bits
	Size: 2048 MB
	Form Factor: SODIMM
	Set: None
	Locator: DIMM 1
	Bank Locator: Bank 0/1
	Type: DDR3
	Type Detail: Synchronous
	Speed: 1066 MHz
	Manufacturer: 02FE            
	Serial Number: F4BB7CA2        
	Asset Tag: 0839
	Part Number: EBJ21UE8BASA-AE-E 

Handle 0x0022, DMI type 17, 27 bytes
Memory Device
	Array Handle: 0x0020
	Error Information Handle: No Error
	Total Width: Unknown
	Data Width: Unknown
	Size: No Module Installed
	Form Factor: SODIMM
	Set: None
	Locator: DIMM 2
	Bank Locator: Bank 2/3
	Type: DDR2
	Type Detail: Synchronous
	Speed: 1066 MHz
	Manufacturer:                 
	Serial Number:                 
	Asset Tag:     
	Part Number:                   

Handle 0x0023, DMI type 18, 23 bytes
32-bit Memory Error Information
	Type: OK
	Granularity: Unknown
	Operation: Unknown
	Vendor Syndrome: Unknown
	Memory Array Address: Unknown
	Device Address: Unknown
	Resolution: Unknown

Handle 0x0024, DMI type 19, 15 bytes
Memory Array Mapped Address
	Starting Address: 0x00000000000
	Ending Address: 0x0007FFFFFFF
	Range Size: 2 GB
	Physical Array Handle: 0x0020
	Partition Width: 2

Handle 0x0025, DMI type 20, 19 bytes
Memory Device Mapped Address
	Starting Address: 0x00000000000
	Ending Address: 0x0007FFFFFFF
	Range Size: 2 GB
	Physical Device Handle: 0x0021
	Memory Array Mapped Address Handle: 0x0024
	Partition Row Position: 1

Handle 0x0026, DMI type 20, 19 bytes
Memory Device Mapped Address
	Starting Address: 0x0007FFFFC00
	Ending Address: 0x0007FFFFFFF
	Range Size: 1 kB
	Physical Device Handle: 0x0022
	Memory Array Mapped Address Handle: 0x0024
	Partition Row Position: 1

Handle 0x0027, DMI type 21, 7 bytes
Built-in Pointing Device
	Type: Track Point
	Interface: PS/2
	Buttons: 3

Handle 0x0028, DMI type 126, 26 bytes
Inactive

Handle 0x0029, DMI type 126, 26 bytes
Inactive

Handle 0x002A, DMI type 24, 5 bytes
Hardware Security
	Power-On Password Status: Disabled
	Keyboard Password Status: Disabled
	Administrator Password Status: Disabled
	Front Panel Reset Status: Unknown

Handle 0x002B, DMI type 32, 11 bytes
System Boot Information
	Status: No errors detected

Handle 0x002C, DMI type 131, 17 bytes
OEM-specific Type
	Header and Data:
		83 11 2C 00 01 02 03 FF FF 1F 00 00 00 00 00 02
		00
	Strings:
		BOOTINF 20h
		BOOTDEV 21h
		KEYPTRS 23h

Handle 0x002D, DMI type 131, 22 bytes
OEM-specific Type
	Header and Data:
		83 16 2D 00 01 00 00 00 00 00 00 00 00 00 00 00
		00 00 00 00 00 01
	Strings:
		TVT-Enablement

Handle 0x002E, DMI type 132, 7 bytes
OEM-specific Type
	Header and Data:
		84 07 2E 00 02 D8 36

Handle 0x002F, DMI type 133, 5 bytes
OEM-specific Type
	Header and Data:
		85 05 2F 00 01
	Strings:
		KHOIHGIUCCHHII

Handle 0x0030, DMI type 134, 13 bytes
OEM-specific Type
	Header and Data:
		86 0D 30 00 30 10 08 20 00 00 00 00 00

Handle 0x0031, DMI type 134, 16 bytes
OEM-specific Type
	Header and Data:
		86 10 31 00 00 49 4E 54 43 01 01 00 00 02 01 02
	Strings:
		TPM INFO
		System Reserved

Handle 0x0032, DMI type 135, 13 bytes
OEM-specific Type
	Header and Data:
		87 0D 32 00 54 50 07 00 01 00 00 00 00

Handle 0x0033, DMI type 135, 18 bytes
OEM-specific Type
	Header and Data:
		87 12 33 00 54 50 07 01 01 B9 05 00 00 00 00 00
		00 00

Handle 0x0034, DMI type 135, 35 bytes
OEM-specific Type
	Header and Data:
		87 23 34 00 54 50 07 02 42 41 59 20 49 2F 4F 20
		01 00 02 00 00 0B 00 48 1C 3E 18 02 00 0B 00 40
		1C 3A 18

Handle 0x0035, DMI type 135, 34 bytes
OEM-specific Type
	Header and Data:
		87 22 35 00 54 50 07 04 01 06 01 01 02 00 02 01
		02 00 03 01 02 00 04 01 02 00 05 01 02 00 06 01
		02 00

Handle 0x0036, DMI type 135, 10 bytes
OEM-specific Type
	Header and Data:
		87 0A 36 00 54 50 07 03 01 0A

Handle 0x0037, DMI type 136, 6 bytes
OEM-specific Type
	Header and Data:
		88 06 37 00 5A 5A

Handle 0x0038, DMI type 126, 28 bytes
Inactive

Handle 0x0039, DMI type 138, 40 bytes
OEM-specific Type
	Header and Data:
		8A 28 39 00 14 01 02 01 40 02 01 40 02 01 40 02
		01 40 01 40 42 49 4F 53 20 50 61 73 73 77 6F 72
		64 20 46 6F 72 6D 61 74

Handle 0x003A, DMI type 139, 37 bytes
OEM-specific Type
	Header and Data:
		8B 25 3A 00 11 01 0A 00 00 00 00 00 00 00 00 00
		00 50 57 4D 53 20 4B 65 79 20 49 6E 66 6F 72 6D
		61 74 69 6F 6E

Handle 0x003B, DMI type 140, 67 bytes
OEM-specific Type
	Header and Data:
		8C 43 3B 00 4C 45 4E 4F 56 4F 0B 00 01 9A 13 CD
		C4 7A 2A 8E 76 C3 C4 4E B9 B1 DD 4E 7C 01 00 00
		00 00 00 00 00 00 00 00 00 00 00 00 00 00 00 00
		00 00 00 00 00 00 00 00 00 00 00 00 00 00 00 00
		00 00 00

Handle 0x003C, DMI type 140, 47 bytes
OEM-specific Type
	Header and Data:
		8C 2F 3C 00 4C 45 4E 4F 56 4F 0B 01 01 08 00 BF
		DA 3C 04 5C 72 D9 7D 0D 79 DE 46 98 23 10 B1 00
		00 00 00 10 00 10 00 10 01 D0 00 20 01 00 01

Handle 0x003D, DMI type 140, 63 bytes
OEM-specific Type
	Header and Data:
		8C 3F 3D 00 4C 45 4E 4F 56 4F 0B 02 01 00 00 00
		00 00 00 00 00 00 00 00 00 00 00 00 00 00 00 00
		00 00 00 00 00 00 00 00 00 00 00 00 00 00 00 00
		00 00 00 00 00 00 00 00 00 00 00 00 00 00 00

Handle 0x003E, DMI type 140, 17 bytes
OEM-specific Type
	Header and Data:
		8C 11 3E 00 4C 45 4E 4F 56 4F 0B 03 01 00 00 00
		00

Handle 0x003F, DMI type 140, 19 bytes
OEM-specific Type
	Header and Data:
		8C 13 3F 00 4C 45 4E 4F 56 4F 0B 04 01 B2 00 53
		4D 20 00

Handle 0x0040, DMI type 129, 8 bytes
OEM-specific Type
	Header and Data:
		81 08 40 00 01 01 02 01
	Strings:
		Intel_ASF
		Intel_ASF_001

Handle 0x0041, DMI type 130, 20 bytes
OEM-specific Type
	Header and Data:
		82 14 41 00 24 41 4D 54 01 01 01 01 01 A5 0B 04
		00 00 00 00

Handle 0x0042, DMI type 131, 64 bytes
OEM-specific Type
	Header and Data:
		83 40 42 00 14 00 00 00 00 00 40 2A 00 00 00 00
		F8 00 17 29 00 00 00 00 2D 00 00 00 00 00 04 00
		64 04 03 00 01 00 01 15 C8 00 F5 10 00 00 00 00
		00 00 00 00 07 00 00 00 76 50 72 6F 00 00 00 00

Handle 0x0043, DMI type 127, 4 bytes
End Of Table

